Component: ARM Compiler 5.05 update 2 (build 169) Tool: armlink [4d0f33]

==============================================================================

Section Cross References

    main.o(.text) refers to _printf_percent.o(.ARM.Collect$$_printf_percent$$00000000) for _printf_percent
    main.o(.text) refers to _printf_d.o(.ARM.Collect$$_printf_percent$$00000009) for _printf_d
    main.o(.text) refers to _printf_dec.o(.text) for _printf_int_dec
    main.o(.text) refers to _printf_c.o(.ARM.Collect$$_printf_percent$$00000013) for _printf_c
    main.o(.text) refers to _printf_str.o(.text) for _printf_str
    main.o(.text) refers to delay.o(.text) for delay_ms
    main.o(.text) refers to noretval__2printf.o(.text) for __2printf
    main.o(.text) refers to stm32f4xx_gpio.o(.text) for GPIO_ResetBits
    main.o(.text) refers to key.o(.text) for KEY_Init
    main.o(.text) refers to led.o(.text) for LED_Init
    main.o(.text) refers to misc.o(.text) for NVIC_PriorityGroupConfig
    main.o(.text) refers to usart.o(.text) for uart_init
    main.o(.text) refers to exti.o(.text) for EXTIX_Init
    main.o(.text) refers to rgb.o(.text) for WS2812b_Configuration
    main.o(.text) refers to timer.o(.text) for TIM3_Int_Init
    main.o(.text) refers to w_24byj.o(.text) for GPIO_Config
    main.o(.text) refers to exti.o(.data) for labe_key
    main.o(.text) refers to main.o(.data) for step_seq
    main.o(.text) refers to usart.o(.bss) for USART_RX_BUF
    system_stm32f4xx.o(.text) refers to system_stm32f4xx.o(.data) for SystemCoreClock
    led.o(.text) refers to stm32f4xx_rcc.o(.text) for RCC_AHB1PeriphClockCmd
    led.o(.text) refers to stm32f4xx_gpio.o(.text) for GPIO_Init
    key.o(.text) refers to stm32f4xx_rcc.o(.text) for RCC_AHB1PeriphClockCmd
    key.o(.text) refers to stm32f4xx_gpio.o(.text) for GPIO_Init
    key.o(.text) refers to delay.o(.text) for delay_ms
    key.o(.text) refers to key.o(.data) for key_up
    rgb.o(.text) refers to _printf_percent.o(.ARM.Collect$$_printf_percent$$00000000) for _printf_percent
    rgb.o(.text) refers to _printf_d.o(.ARM.Collect$$_printf_percent$$00000009) for _printf_d
    rgb.o(.text) refers to _printf_dec.o(.text) for _printf_int_dec
    rgb.o(.text) refers to _printf_pad.o(.text) for _printf_pre_padding
    rgb.o(.text) refers to _printf_x.o(.ARM.Collect$$_printf_percent$$0000000C) for _printf_x
    rgb.o(.text) refers to _printf_hex_int.o(.text) for _printf_longlong_hex
    rgb.o(.text) refers to stm32f4xx_dma.o(.text) for DMA_GetCmdStatus
    rgb.o(.text) refers to noretval__2printf.o(.text) for __2printf
    rgb.o(.text) refers to stm32f4xx_rcc.o(.text) for RCC_AHB1PeriphClockCmd
    rgb.o(.text) refers to stm32f4xx_gpio.o(.text) for GPIO_Init
    rgb.o(.text) refers to stm32f4xx_spi.o(.text) for SPI_Init
    rgb.o(.text) refers to delay.o(.text) for delay_ms
    rgb.o(.text) refers to rgb.o(.bss) for pixelBuffer
    rgb.o(.text) refers to rgb.o(.constdata) for BLACK
    timer.o(.text) refers to stm32f4xx_rcc.o(.text) for RCC_APB1PeriphClockCmd
    timer.o(.text) refers to stm32f4xx_tim.o(.text) for TIM_TimeBaseInit
    timer.o(.text) refers to misc.o(.text) for NVIC_Init
    timer.o(.text) refers to delay.o(.text) for delay_ms
    timer.o(.text) refers to rgb.o(.text) for RGB_BlueViolet_test
    timer.o(.text) refers to rt_memclr.o(.text) for __aeabi_memclr
    timer.o(.text) refers to noretval__2printf.o(.text) for __2printf
    timer.o(.text) refers to stm32f4xx_usart.o(.text) for USART_SendData
    timer.o(.text) refers to usart.o(.bss) for USART_RX_BUF
    timer.o(.text) refers to timer.o(.data) for r_usb
    timer.o(.text) refers to exti.o(.data) for led_lab
    timer.o(.text) refers to usart.o(.data) for USART_RX_STA
    timer.o(.text) refers to main.o(.data) for fun_label
    exti.o(.text) refers to _printf_percent.o(.ARM.Collect$$_printf_percent$$00000000) for _printf_percent
    exti.o(.text) refers to _printf_d.o(.ARM.Collect$$_printf_percent$$00000009) for _printf_d
    exti.o(.text) refers to _printf_dec.o(.text) for _printf_int_dec
    exti.o(.text) refers to delay.o(.text) for delay_ms
    exti.o(.text) refers to stm32f4xx_gpio.o(.text) for GPIO_ReadInputDataBit
    exti.o(.text) refers to noretval__2printf.o(.text) for __2printf
    exti.o(.text) refers to stm32f4xx_exti.o(.text) for EXTI_ClearITPendingBit
    exti.o(.text) refers to key.o(.text) for KEY_Init
    exti.o(.text) refers to stm32f4xx_rcc.o(.text) for RCC_APB2PeriphClockCmd
    exti.o(.text) refers to stm32f4xx_syscfg.o(.text) for SYSCFG_EXTILineConfig
    exti.o(.text) refers to misc.o(.text) for NVIC_Init
    exti.o(.text) refers to main.o(.data) for fun_label
    exti.o(.text) refers to exti.o(.data) for led_lab
    w_24byj.o(.text) refers to stm32f4xx_rcc.o(.text) for RCC_AHB1PeriphClockCmd
    w_24byj.o(.text) refers to stm32f4xx_gpio.o(.text) for GPIO_Init
    w_24byj.o(.text) refers to system_stm32f4xx.o(.data) for SystemCoreClock
[...]
    ../clib/printf.c                         0x00000000   Number         0  _printf_hex_int.o ABSOLUTE
    ../clib/printf.c                         0x00000000   Number         0  _printf_hex_int_ll.o ABSOLUTE
    ../clib/printf.c                         0x00000000   Number         0  _printf_hex_ptr.o ABSOLUTE
    ../clib/printf.c                         0x00000000   Number         0  _printf_hex_int_ptr.o ABSOLUTE
    ../clib/printf.c                         0x00000000   Number         0  _printf_hex_int_ll_ptr.o ABSOLUTE
    ../clib/printf_percent.s                 0x00000000   Number         0  _printf_percent_end.o ABSOLUTE
    ../clib/printf_percent.s                 0x00000000   Number         0  _printf_c.o ABSOLUTE
    ../clib/printf_percent.s                 0x00000000   Number         0  _printf_x.o ABSOLUTE
    ../clib/printf_percent.s                 0x00000000   Number         0  _printf_d.o ABSOLUTE
    ../clib/printf_percent.s                 0x00000000   Number         0  _printf_percent.o ABSOLUTE
    ../clib/signal.c                         0x00000000   Number         0  defsig_pvfn_inner.o ABSOLUTE
    ../clib/signal.c                         0x00000000   Number         0  defsig_rtmem_inner.o ABSOLUTE
    ../clib/signal.c                         0x00000000   Number         0  defsig_other.o ABSOLUTE
    ../clib/signal.c                         0x00000000   Number         0  defsig_segv_inner.o ABSOLUTE
    ../clib/signal.c                         0x00000000   Number         0  __raise.o ABSOLUTE
    ../clib/signal.c                         0x00000000   Number         0  defsig_rtmem_formal.o ABSOLUTE
    ../clib/signal.c                         0x00000000   Number         0  defsig_cppl_inner.o ABSOLUTE
    ../clib/signal.c                         0x00000000   Number         0  defsig_general.o ABSOLUTE
    ../clib/signal.c                         0x00000000   Number         0  defsig_stak_inner.o ABSOLUTE
    ../clib/signal.c                         0x00000000   Number         0  defsig_rtred_inner.o ABSOLUTE
    ../clib/signal.c                         0x00000000   Number         0  defsig_fpe_inner.o ABSOLUTE
    ../clib/signal.c                         0x00000000   Number         0  defsig_abrt_inner.o ABSOLUTE
    ../clib/signal.c                         0x00000000   Number         0  defsig_exit.o ABSOLUTE
    ../clib/signal.c                         0x00000000   Number         0  defsig_rtmem_outer.o ABSOLUTE
    ../clib/signal.s                         0x00000000   Number         0  defsig.o ABSOLUTE
    ../clib/stdio.c                          0x00000000   Number         0  ferror.o ABSOLUTE
    ../clib/stdio.c                          0x00000000   Number         0  ferror_locked.o ABSOLUTE
    ../clib/stdlib.c                         0x00000000   Number         0  exit.o ABSOLUTE
    ../fplib/fpinit.s                        0x00000000   Number         0  fpinit.o ABSOLUTE
    ..\CORE\startup_stm32f40_41xxx.s         0x00000000   Number         0  startup_stm32f40_41xxx.o ABSOLUTE
    ..\FWLIB\src\misc.c                      0x00000000   Number         0  misc.o ABSOLUTE
    ..\FWLIB\src\stm32f4xx_dma.c             0x00000000   Number         0  stm32f4xx_dma.o ABSOLUTE
    ..\FWLIB\src\stm32f4xx_exti.c            0x00000000   Number         0  stm32f4xx_exti.o ABSOLUTE
    ..\FWLIB\src\stm32f4xx_gpio.c            0x00000000   Number         0  stm32f4xx_gpio.o ABSOLUTE
    ..\FWLIB\src\stm32f4xx_rcc.c             0x00000000   Number         0  stm32f4xx_rcc.o ABSOLUTE
    ..\FWLIB\src\stm32f4xx_spi.c             0x00000000   Number         0  stm32f4xx_spi.o ABSOLUTE
    ..\FWLIB\src\stm32f4xx_syscfg.c          0x00000000   Number         0  stm32f4xx_syscfg.o ABSOLUTE
    ..\FWLIB\src\stm32f4xx_tim.c             0x00000000   Number         0  stm32f4xx_tim.o ABSOLUTE
    ..\FWLIB\src\stm32f4xx_usart.c           0x00000000   Number         0  stm32f4xx_usart.o ABSOLUTE
    ..\HARDWARE\EXTI\exti.c                  0x00000000   Number         0  exti.o ABSOLUTE
    ..\HARDWARE\KEY\key.c                    0x00000000   Number         0  key.o ABSOLUTE
    ..\HARDWARE\LED\led.c                    0x00000000   Number         0  led.o ABSOLUTE
    ..\HARDWARE\PASTE\paste.c                0x00000000   Number         0  paste.o ABSOLUTE
    ..\HARDWARE\RGB\rgb.c                    0x00000000   Number         0  rgb.o ABSOLUTE
    ..\HARDWARE\TIMER\timer.c                0x00000000   Number         0  timer.o ABSOLUTE
    ..\HARDWARE\W_24BYJ\w_24byj.c            0x00000000   Number         0  w_24byj.o ABSOLUTE
    ..\SYSTEM\delay\delay.c                  0x00000000   Number         0  delay.o ABSOLUTE
    ..\SYSTEM\sys\sys.c                      0x00000000   Number         0  sys.o ABSOLUTE
    ..\SYSTEM\usart\usart.c                  0x00000000   Number         0  usart.o ABSOLUTE
    ..\\FWLIB\\src\\misc.c                   0x00000000   Number         0  misc.o ABSOLUTE
    ..\\FWLIB\\src\\stm32f4xx_dma.c          0x00000000   Number         0  stm32f4xx_dma.o ABSOLUTE
    ..\\FWLIB\\src\\stm32f4xx_exti.c         0x00000000   Number         0  stm32f4xx_exti.o ABSOLUTE
    ..\\FWLIB\\src\\stm32f4xx_gpio.c         0x00000000   Number         0  stm32f4xx_gpio.o ABSOLUTE
    ..\\FWLIB\\src\\stm32f4xx_rcc.c          0x00000000   Number         0  stm32f4xx_rcc.o ABSOLUTE
    ..\\FWLIB\\src\\stm32f4xx_spi.c          0x00000000   Number         0  stm32f4xx_spi.o ABSOLUTE
    ..\\FWLIB\\src\\stm32f4xx_syscfg.c       0x00000000   Number         0  stm32f4xx_syscfg.o ABSOLUTE
    ..\\FWLIB\\src\\stm32f4xx_tim.c          0x00000000   Number         0  stm32f4xx_tim.o ABSOLUTE
    ..\\FWLIB\\src\\stm32f4xx_usart.c        0x00000000   Number         0  stm32f4xx_usart.o ABSOLUTE
    ..\\HARDWARE\\EXTI\\exti.c               0x00000000   Number         0  exti.o ABSOLUTE
    ..\\HARDWARE\\KEY\\key.c                 0x00000000   Number         0  key.o ABSOLUTE
    ..\\HARDWARE\\LED\\led.c                 0x00000000   Number         0  led.o ABSOLUTE
    ..\\HARDWARE\\PASTE\\paste.c             0x00000000   Number         0  paste.o ABSOLUTE
    ..\\HARDWARE\\RGB\\rgb.c                 0x00000000   Number         0  rgb.o ABSOLUTE
    ..\\HARDWARE\\TIMER\\timer.c             0x00000000   Number         0  timer.o ABSOLUTE
    ..\\HARDWARE\\W_24BYJ\\w_24byj.c         0x00000000   Number         0  w_24byj.o ABSOLUTE
    ..\\SYSTEM\\delay\\delay.c               0x00000000   Number         0  delay.o ABSOLUTE
    ..\\SYSTEM\\sys\\sys.c                   0x00000000   Number         0  sys.o ABSOLUTE
    ..\\SYSTEM\\usart\\usart.c               0x00000000   Number         0  usart.o ABSOLUTE
    dc.s                                     0x00000000   Number         0  dc.o ABSOLUTE
    main.c                                   0x00000000   Number         0  main.o ABSOLUTE
    main.c                                   0x00000000   Number         0  main.o ABSOLUTE
    stm32f4xx_it.c                           0x00000000   Number         0  stm32f4xx_it.o ABSOLUTE
    stm32f4xx_it.c                           0x00000000   Number         0  stm32f4xx_it.o ABSOLUTE
    system_stm32f4xx.c                       0x00000000   Number         0  system_stm32f4xx.o ABSOLUTE
    system_stm32f4xx.c                       0x00000000   Number         0  system_stm32f4xx.o ABSOLUTE
    RESET                                    0x08000000   Section      392  startup_stm32f40_41xxx.o(RESET)
    !!!main                                  0x08000188   Section        8  __main.o(!!!main)
    !!!scatter                               0x08000190   Section       52  __scatter.o(!!!scatter)
    !!handler_copy                           0x080001c4   Section       26  __scatter_copy.o(!!handler_copy)
    !!handler_zi                             0x080001e0   Section       28  __scatter_zi.o(!!handler_zi)
    .ARM.Collect$$_printf_percent$$00000000  0x080001fc   Section        0  _printf_percent.o(.ARM.Collect$$_printf_percent$$00000000)
    .ARM.Collect$$_printf_percent$$00000009  0x080001fc   Section        6  _printf_d.o(.ARM.Collect$$_printf_percent$$00000009)
    .ARM.Collect$$_printf_percent$$0000000C  0x08000202   Section        6  _printf_x.o(.ARM.Collect$$_printf_percent$$0000000C)
    .ARM.Collect$$_printf_percent$$00000013  0x08000208   Section        6  _printf_c.o(.ARM.Collect$$_printf_percent$$00000013)
    .ARM.Collect$$_printf_percent$$00000017  0x0800020e   Section        4  _printf_percent_end.o(.ARM.Collect$$_printf_percent$$00000017)
    .ARM.Collect$$libinit$$00000000          0x08000212   Section        2  libinit.o(.ARM.Collect$$libinit$$00000000)
    .ARM.Collect$$libinit$$00000001          0x08000214   Section        4  libinit2.o(.ARM.Collect$$libinit$$00000001)
    .ARM.Collect$$libinit$$00000004          0x08000218   Section        0  libinit2.o(.ARM.Collect$$libinit$$00000004)
    .ARM.Collect$$libinit$$0000000A          0x08000218   Section        0  libinit2.o(.ARM.Collect$$libinit$$0000000A)
    .ARM.Collect$$libinit$$0000000C          0x08000218   Section        0  libinit2.o(.ARM.Collect$$libinit$$0000000C)
    .ARM.Collect$$libinit$$0000000E          0x08000218   Section        0  libinit2.o(.ARM.Collect$$libinit$$0000000E)
    .ARM.Collect$$libinit$$00000011          0x08000218   Section        0  libinit2.o(.ARM.Collect$$libinit$$00000011)
    .ARM.Collect$$libinit$$00000013          0x08000218   Section        0  libinit2.o(.ARM.Collect$$libinit$$00000013)
    .ARM.Collect$$libinit$$00000015          0x08000218   Section        0  libinit2.o(.ARM.Collect$$libinit$$00000015)
    .ARM.Collect$$libinit$$00000017          0x08000218   Section        0  libinit2.o(.ARM.Collect$$libinit$$00000017)
    .ARM.Collect$$libinit$$00000019          0x08000218   Section        0  libinit2.o(.ARM.Collect$$libinit$$00000019)
    .ARM.Collect$$libinit$$0000001B          0x08000218   Section        0  libinit2.o(.ARM.Collect$$libinit$$0000001B)
    .ARM.Collect$$libinit$$0000001D          0x08000218   Section        0  libinit2.o(.ARM.Collect$$libinit$$0000001D)
    .ARM.Collect$$libinit$$0000001F          0x08000218   Section        0  libinit2.o(.ARM.Collect$$libinit$$0000001F)
    .ARM.Collect$$libinit$$00000021          0x08000218   Section        0  libinit2.o(.ARM.Collect$$libinit$$00000021)
    .ARM.Collect$$libinit$$00000023          0x08000218   Section        0  libinit2.o(.ARM.Collect$$libinit$$00000023)
    .ARM.Collect$$libinit$$00000025          0x08000218   Section        0  libinit2.o(.ARM.Collect$$libinit$$00000025)
    .ARM.Collect$$libinit$$0000002C          0x08000218   Section        0  libinit2.o(.ARM.Collect$$libinit$$0000002C)
    .ARM.Collect$$libinit$$0000002E          0x08000218   Section        0  libinit2.o(.ARM.Collect$$libinit$$0000002E)
    .ARM.Collect$$libinit$$00000030          0x08000218   Section        0  libinit2.o(.ARM.Collect$$libinit$$00000030)
    .ARM.Collect$$libinit$$00000032          0x08000218   Section        0  libinit2.o(.ARM.Collect$$libinit$$00000032)
    .ARM.Collect$$libinit$$00000033          0x08000218   Section        2  libinit2.o(.ARM.Collect$$libinit$$00000033)
    .ARM.Collect$$libshutdown$$00000000      0x0800021a   Section        2  libshutdown.o(.ARM.Collect$$libshutdown$$00000000)
    .ARM.Collect$$libshutdown$$00000003      0x0800021c   Section        0  libshutdown2.o(.ARM.Collect$$libshutdown$$00000003)
    .ARM.Collect$$libshutdown$$00000006      0x0800021c   Section        0  libshutdown2.o(.ARM.Collect$$libshutdown$$00000006)
    .ARM.Collect$$libshutdown$$00000009      0x0800021c   Section        0  libshutdown2.o(.ARM.Collect$$libshutdown$$00000009)
    .ARM.Collect$$libshutdown$$0000000B      0x0800021c   Section        0  libshutdown2.o(.ARM.Collect$$libshutdown$$0000000B)
    .ARM.Collect$$libshutdown$$0000000E      0x0800021c   Section        0  libshutdown2.o(.ARM.Collect$$libshutdown$$0000000E)
    .ARM.Collect$$libshutdown$$0000000F      0x0800021c   Section        2  libshutdown2.o(.ARM.Collect$$libshutdown$$0000000F)
    .ARM.Collect$$rtentry$$00000000          0x0800021e   Section        0  __rtentry.o(.ARM.Collect$$rtentry$$00000000)
    .ARM.Collect$$rtentry$$00000002          0x0800021e   Section        0  __rtentry2.o(.ARM.Collect$$rtentry$$00000002)
    .ARM.Collect$$rtentry$$00000004          0x0800021e   Section        6  __rtentry4.o(.ARM.Collect$$rtentry$$00000004)
    .ARM.Collect$$rtentry$$00000009          0x08000224   Section        0  __rtentry2.o(.ARM.Collect$$rtentry$$00000009)
    .ARM.Collect$$rtentry$$0000000A          0x08000224   Section        4  __rtentry2.o(.ARM.Collect$$rtentry$$0000000A)
    .ARM.Collect$$rtentry$$0000000C          0x08000228   Section        0  __rtentry2.o(.ARM.Collect$$rtentry$$0000000C)
    .ARM.Collect$$rtentry$$0000000D          0x08000228   Section        8  __rtentry2.o(.ARM.Collect$$rtentry$$0000000D)
    .ARM.Collect$$rtexit$$00000000           0x08000230   Section        2  rtexit.o(.ARM.Collect$$rtexit$$00000000)
    .ARM.Collect$$rtexit$$00000002           0x08000232   Section        0  rtexit2.o(.ARM.Collect$$rtexit$$00000002)
    .ARM.Collect$$rtexit$$00000003           0x08000232   Section        4  rtexit2.o(.ARM.Collect$$rtexit$$00000003)
    .ARM.Collect$$rtexit$$00000004           0x08000236   Section        6  rtexit2.o(.ARM.Collect$$rtexit$$00000004)
    .text                                    0x0800023c   Section        0  main.o(.text)
    .text                                    0x08000594   Section        0  stm32f4xx_it.o(.text)
    .text                                    0x080005b0   Section        0  system_stm32f4xx.o(.text)
    SetSysClock                              0x080005b1   Thumb Code   220  system_stm32f4xx.o(.text)
    .text                                    0x080007c0   Section        0  led.o(.text)
    .text                                    0x08000800   Section        0  key.o(.text)
    .text                                    0x08000904   Section        0  rgb.o(.text)
    .text                                    0x08000fa4   Section        0  timer.o(.text)
    .text                                    0x08001214   Section        0  exti.o(.text)
    .text                                    0x080013ac   Section        0  w_24byj.o(.text)
    .text                                    0x08001414   Section        0  delay.o(.text)
    .text                                    0x08001518   Section        0  usart.o(.text)
    .text                                    0x08001668   Section       64  startup_stm32f40_41xxx.o(.text)
    $v0                                      0x08001668   Number         0  startup_stm32f40_41xxx.o(.text)
    .text                                    0x080016a8   Section        0  misc.o(.text)
    .text                                    0x08001788   Section        0  stm32f4xx_gpio.o(.text)
    .text                                    0x08001a1c   Section        0  stm32f4xx_rcc.o(.text)
    .text                                    0x08002078   Section        0  stm32f4xx_syscfg.o(.text)
    .text                                    0x0800210c   Section        0  stm32f4xx_usart.o(.text)
    .text                                    0x08002560   Section        0  stm32f4xx_dma.o(.text)
    .text                                    0x08002908   Section        0  stm32f4xx_spi.o(.text)
    .text                                    0x08002d88   Section        0  stm32f4xx_tim.o(.text)
    TI4_Config                               0x08003527   Thumb Code    80  stm32f4xx_tim.o(.text)
    TI3_Config                               0x08003589   Thumb Code    72  stm32f4xx_tim.o(.text)
    TI2_Config                               0x080035eb   Thumb Code    90  stm32f4xx_tim.o(.text)
    TI1_Config                               0x08003657   Thumb Code    58  stm32f4xx_tim.o(.text)
    .text                                    0x08003a2c   Section        0  stm32f4xx_exti.o(.text)
    .text                                    0x08003b3c   Section        2  use_no_semi_2.o(.text)
    .text                                    0x08003b40   Section        0  noretval__2printf.o(.text)
    .text                                    0x08003b58   Section        0  _printf_pad.o(.text)
    .text                                    0x08003ba6   Section        0  _printf_str.o(.text)
    .text                                    0x08003bf8   Section        0  _printf_dec.o(.text)
    .text                                    0x08003c70   Section        0  _printf_hex_int.o(.text)
    .text                                    0x08003cc8   Section        0  __printf_flags_wp.o(.text)
    .text                                    0x08003e00   Section       68  rt_memclr.o(.text)
    .text                                    0x08003e44   Section        0  heapauxi.o(.text)
    .text                                    0x08003e4a   Section        2  use_no_semi.o(.text)
    .text                                    0x08003e4c   Section        0  _printf_intcommon.o(.text)
    .text                                    0x08003efe   Section        0  _printf_char.o(.text)
    .text                                    0x08003f2c   Section        0  _printf_char_file.o(.text)
    .text                                    0x08003f50   Section       78  rt_memclr_w.o(.text)
    .text                                    0x08003fa0   Section        0  _printf_char_common.o(.text)
    _printf_input_char                       0x08003fa1   Thumb Code    10  _printf_char_common.o(.text)
    .text                                    0x08003fd0   Section        0  ferror.o(.text)
    .text                                    0x08003fd8   Section       74  sys_stackheap_outer.o(.text)
    .text                                    0x08004022   Section        0  exit.o(.text)
    .text                                    0x08004030   Section        8  libspace.o(.text)
    i._is_digit                              0x08004038   Section        0  __printf_wp.o(i._is_digit)
    x$fpl$fpinit                             0x08004046   Section       10  fpinit.o(x$fpl$fpinit)
    $v0                                      0x08004046   Number         0  fpinit.o(x$fpl$fpinit)
    .constdata                               0x08004050   Section       33  rgb.o(.constdata)
    .constdata                               0x08004071   Section       40  _printf_hex_int.o(.constdata)
    uc_hextab                                0x08004071   Data          20  _printf_hex_int.o(.constdata)
    lc_hextab                                0x08004085   Data          20  _printf_hex_int.o(.constdata)
    .constdata                               0x08004099   Section       17  __printf_flags_wp.o(.constdata)
    maptable                                 0x08004099   Data          17  __printf_flags_wp.o(.constdata)
    .data                                    0x20000000   Section       40  main.o(.data)
    .data                                    0x20000028   Section       20  system_stm32f4xx.o(.data)
    .data                                    0x2000003c   Section        1  key.o(.data)
    key_up                                   0x2000003c   Data           1  key.o(.data)
    .data                                    0x20000040   Section       26  timer.o(.data)
    .data                                    0x2000005c   Section        8  exti.o(.data)
    .data                                    0x20000064   Section        4  delay.o(.data)
    fac_us                                   0x20000064   Data           1  delay.o(.data)
    fac_ms                                   0x20000066   Data           2  delay.o(.data)
    .data                                    0x20000068   Section        6  usart.o(.data)
    .data                                    0x2000006e   Section       16  stm32f4xx_rcc.o(.data)
    APBAHBPrescTable                         0x2000006e   Data          16  stm32f4xx_rcc.o(.data)
    .bss                                     0x20000080   Section     1440  rgb.o(.bss)
    pixelBuffer                              0x20000080   Data        1440  rgb.o(.bss)
    .bss                                     0x20000620   Section      200  usart.o(.bss)
    .bss                                     0x200006e8   Section       96  libspace.o(.bss)
    HEAP                                     0x20000748   Section      512  startup_stm32f40_41xxx.o(HEAP)
    Heap_Mem                                 0x20000748   Data         512  startup_stm32f40_41xxx.o(HEAP)
    STACK                                    0x20000948   Section     1024  startup_stm32f40_41xxx.o(STACK)
    Stack_Mem                                0x20000948   Data        1024  startup_stm32f40_41xxx.o(STACK)
    __initial_sp                             0x20000d48   Data           0  startup_stm32f40_41xxx.o(STACK)

    Global Symbols

    Symbol Name                              Value     Ov Type        Size  Object(Section)

    BuildAttributes$$THM_ISAv4$E$P$D$K$B$S$7EM$VFPi3$EXTD16$VFPS$VFMA$PE$A:L22UL41UL21$X:L11$S22US41US21$IEEE1$IW$USESV6$~STKCKD$USESV7$~SHL$OSPACE$ROPI$EBA8$UX$STANDARDLIB$REQ8$PRES8$EABIv2 0x00000000   Number         0  anon$$obj.o ABSOLUTE
    __ARM_use_no_argv                        0x00000000   Number         0  main.o ABSOLUTE
    _printf_flags                            0x00000000   Number         0  printf_stubs.o ABSOLUTE
    _printf_return_value                     0x00000000   Number         0  printf_stubs.o ABSOLUTE
    _printf_sizespec                         0x00000000   Number         0  printf_stubs.o ABSOLUTE
    _printf_widthprec                        0x00000000   Number         0  printf_stubs.o ABSOLUTE
    __ARM_exceptions_init                     - Undefined Weak Reference
    __alloca_initialize                       - Undefined Weak Reference
    __arm_preinit_                            - Undefined Weak Reference
    __cpp_initialize__aeabi_                  - Undefined Weak Reference
    __cxa_finalize                            - Undefined Weak Reference
    __rt_locale                               - Undefined Weak Reference
    __sigvec_lookup                           - Undefined Weak Reference
    _atexit_init                              - Undefined Weak Reference
    _call_atexit_fns                          - Undefined Weak Reference
    _clock_init                               - Undefined Weak Reference
    _fp_trap_init                             - Undefined Weak Reference
    _fp_trap_shutdown                         - Undefined Weak Reference
    _get_lc_collate                           - Undefined Weak Reference
    _get_lc_ctype                             - Undefined Weak Reference
    _get_lc_monetary                          - Undefined Weak Reference
    _get_lc_numeric                           - Undefined Weak Reference
    _get_lc_time                              - Undefined Weak Reference
    _getenv_init                              - Undefined Weak Reference
    _handle_redirection                       - Undefined Weak Reference
    _init_alloc                               - Undefined Weak Reference
    _init_user_alloc                          - Undefined Weak Reference
    _initio                                   - Undefined Weak Reference
    _mutex_acquire                            - Undefined Weak Reference
    _mutex_release                            - Undefined Weak Reference
    _printf_mbtowc                            - Undefined Weak Reference
    _printf_truncate_signed                   - Undefined Weak Reference
    _printf_truncate_unsigned                 - Undefined Weak Reference
    _rand_init                                - Undefined Weak Reference
    _signal_finish                            - Undefined Weak Reference
    _signal_init                              - Undefined Weak Reference
    _terminate_alloc                          - Undefined Weak Reference
    _terminate_user_alloc                     - Undefined Weak Reference
    _terminateio                              - Undefined Weak Reference
    __Vectors_Size                           0x00000188   Number         0  startup_stm32f40_41xxx.o ABSOLUTE
    __Vectors                                0x08000000   Data           4  startup_stm32f40_41xxx.o(RESET)
    __Vectors_End                            0x08000188   Data           0  startup_stm32f40_41xxx.o(RESET)
    __main                                   0x08000189   Thumb Code     8  __main.o(!!!main)
    __scatterload                            0x08000191   Thumb Code     0  __scatter.o(!!!scatter)
    __scatterload_rt2                        0x08000191   Thumb Code    44  __scatter.o(!!!scatter)
    __scatterload_rt2_thumb_only             0x08000191   Thumb Code     0  __scatter.o(!!!scatter)
    __scatterload_null                       0x0800019f   Thumb Code     0  __scatter.o(!!!scatter)
    __scatterload_copy                       0x080001c5   Thumb Code    26  __scatter_copy.o(!!handler_copy)
    __scatterload_zeroinit                   0x080001e1   Thumb Code    28  __scatter_zi.o(!!handler_zi)
    _printf_d                                0x080001fd   Thumb Code     0  _printf_d.o(.ARM.Collect$$_printf_percent$$00000009)
    _printf_percent                          0x080001fd   Thumb Code     0  _printf_percent.o(.ARM.Collect$$_printf_percent$$00000000)
    _printf_x                                0x08000203   Thumb Code     0  _printf_x.o(.ARM.Collect$$_printf_percent$$0000000C)
    _printf_c                                0x08000209   Thumb Code     0  _printf_c.o(.ARM.Collect$$_printf_percent$$00000013)
    _printf_percent_end                      0x0800020f   Thumb Code     0  _printf_percent_end.o(.ARM.Collect$$_printf_percent$$00000017)
    __rt_lib_init                            0x08000213   Thumb Code     0  libinit.o(.ARM.Collect$$libinit$$00000000)
    __rt_lib_init_fp_1                       0x08000215   Thumb Code     0  libinit2.o(.ARM.Collect$$libinit$$00000001)
    __rt_lib_init_alloca_1                   0x08000219   Thumb Code     0  libinit2.o(.ARM.Collect$$libinit$$0000002E)
    __rt_lib_init_argv_1                     0x08000219   Thumb Code     0  libinit2.o(.ARM.Collect$$libinit$$0000002C)
    __rt_lib_init_atexit_1                   0x08000219   Thumb Code     0  libinit2.o(.ARM.Collect$$libinit$$0000001B)
    __rt_lib_init_clock_1                    0x08000219   Thumb Code     0  libinit2.o(.ARM.Collect$$libinit$$00000021)
    __rt_lib_init_cpp_1                      0x08000219   Thumb Code     0  libinit2.o(.ARM.Collect$$libinit$$00000032)
    __rt_lib_init_exceptions_1               0x08000219   Thumb Code     0  libinit2.o(.ARM.Collect$$libinit$$00000030)
    __rt_lib_init_fp_trap_1                  0x08000219   Thumb Code     0  libinit2.o(.ARM.Collect$$libinit$$0000001F)
    __rt_lib_init_getenv_1                   0x08000219   Thumb Code     0  libinit2.o(.ARM.Collect$$libinit$$00000023)
    __rt_lib_init_heap_1                     0x08000219   Thumb Code     0  libinit2.o(.ARM.Collect$$libinit$$0000000A)
    __rt_lib_init_lc_collate_1               0x08000219   Thumb Code     0  libinit2.o(.ARM.Collect$$libinit$$00000011)
    __rt_lib_init_lc_ctype_1                 0x08000219   Thumb Code     0  libinit2.o(.ARM.Collect$$libinit$$00000013)
    __rt_lib_init_lc_monetary_1              0x08000219   Thumb Code     0  libinit2.o(.ARM.Collect$$libinit$$00000015)
    __rt_lib_init_lc_numeric_1               0x08000219   Thumb Code     0  libinit2.o(.ARM.Collect$$libinit$$00000017)
    __rt_lib_init_lc_time_1                  0x08000219   Thumb Code     0  libinit2.o(.ARM.Collect$$libinit$$00000019)
    __rt_lib_init_preinit_1                  0x08000219   Thumb Code     0  libinit2.o(.ARM.Collect$$libinit$$00000004)
    __rt_lib_init_rand_1                     0x08000219   Thumb Code     0  libinit2.o(.ARM.Collect$$libinit$$0000000E)
    __rt_lib_init_return                     0x08000219   Thumb Code     0  libinit2.o(.ARM.Collect$$libinit$$00000033)
    __rt_lib_init_signal_1                   0x08000219   Thumb Code     0  libinit2.o(.ARM.Collect$$libinit$$0000001D)
    __rt_lib_init_stdio_1                    0x08000219   Thumb Code     0  libinit2.o(.ARM.Collect$$libinit$$00000025)
    __rt_lib_init_user_alloc_1               0x08000219   Thumb Code     0  libinit2.o(.ARM.Collect$$libinit$$0000000C)
    __rt_lib_shutdown                        0x0800021b   Thumb Code     0  libshutdown.o(.ARM.Collect$$libshutdown$$00000000)
    __rt_lib_shutdown_fp_trap_1              0x0800021d   Thumb Code     0  libshutdown2.o(.ARM.Collect$$libshutdown$$00000006)
    __rt_lib_shutdown_heap_1                 0x0800021d   Thumb Code     0  libshutdown2.o(.ARM.Collect$$libshutdown$$0000000E)
    __rt_lib_shutdown_return                 0x0800021d   Thumb Code     0  libshutdown2.o(.ARM.Collect$$libshutdown$$0000000F)
    __rt_lib_shutdown_signal_1               0x0800021d   Thumb Code     0  libshutdown2.o(.ARM.Collect$$libshutdown$$00000009)
    __rt_lib_shutdown_stdio_1                0x0800021d   Thumb Code     0  libshutdown2.o(.ARM.Collect$$libshutdown$$00000003)
    __rt_lib_shutdown_user_alloc_1           0x0800021d   Thumb Code     0  libshutdown2.o(.ARM.Collect$$libshutdown$$0000000B)
    __rt_entry                               0x0800021f   Thumb Code     0  __rtentry.o(.ARM.Collect$$rtentry$$00000000)
    __rt_entry_presh_1                       0x0800021f   Thumb Code     0  __rtentry2.o(.ARM.Collect$$rtentry$$00000002)
    __rt_entry_sh                            0x0800021f   Thumb Code     0  __rtentry4.o(.ARM.Collect$$rtentry$$00000004)
    __rt_entry_li                            0x08000225   Thumb Code     0  __rtentry2.o(.ARM.Collect$$rtentry$$0000000A)
    __rt_entry_postsh_1                      0x08000225   Thumb Code     0  __rtentry2.o(.ARM.Collect$$rtentry$$00000009)
    __rt_entry_main                          0x08000229   Thumb Code     0  __rtentry2.o(.ARM.Collect$$rtentry$$0000000D)
    __rt_entry_postli_1                      0x08000229   Thumb Code     0  __rtentry2.o(.ARM.Collect$$rtentry$$0000000C)
    __rt_exit                                0x08000231   Thumb Code     0  rtexit.o(.ARM.Collect$$rtexit$$00000000)
    __rt_exit_ls                             0x08000233   Thumb Code     0  rtexit2.o(.ARM.Collect$$rtexit$$00000003)
    __rt_exit_prels_1                        0x08000233   Thumb Code     0  rtexit2.o(.ARM.Collect$$rtexit$$00000002)
    __rt_exit_exit                           0x08000237   Thumb Code     0  rtexit2.o(.ARM.Collect$$rtexit$$00000004)
    w24byj                                   0x0800023d   Thumb Code   304  main.o(.text)
    main                                     0x0800036d   Thumb Code   120  main.o(.text)
    led_red_warning                          0x080003e5   Thumb Code    56  main.o(.text)
    led_red_up                               0x0800041d   Thumb Code    60  main.o(.text)
    led_red_down                             0x08000459   Thumb Code    66  main.o(.text)
    led_red_pragmatic                        0x0800049b   Thumb Code    12  main.o(.text)
    led_red_door                             0x080004a7   Thumb Code    66  main.o(.text)
    led_red_cloture                          0x080004e9   Thumb Code    12  main.o(.text)
    led_red_ing                              0x080004f5   Thumb Code    66  main.o(.text)
    NMI_Handler                              0x08000595   Thumb Code     2  stm32f4xx_it.o(.text)
    HardFault_Handler                        0x08000597   Thumb Code     4  stm32f4xx_it.o(.text)
    MemManage_Handler                        0x0800059b   Thumb Code     4  stm32f4xx_it.o(.text)
    BusFault_Handler                         0x0800059f   Thumb Code     4  stm32f4xx_it.o(.text)
    UsageFault_Handler                       0x080005a3   Thumb Code     4  stm32f4xx_it.o(.text)
    SVC_Handler                              0x080005a7   Thumb Code     2  stm32f4xx_it.o(.text)
    DebugMon_Handler                         0x080005a9   Thumb Code     2  stm32f4xx_it.o(.text)
    PendSV_Handler                           0x080005ab   Thumb Code     2  stm32f4xx_it.o(.text)
    SysTick_Handler                          0x080005ad   Thumb Code     2  stm32f4xx_it.o(.text)
    SystemInit                               0x0800068d   Thumb Code    88  system_stm32f4xx.o(.text)
    SystemCoreClockUpdate                    0x080006e5   Thumb Code   174  system_stm32f4xx.o(.text)
    LED_Init                                 0x080007c1   Thumb Code    60  led.o(.text)
    KEY_Init                                 0x08000801   Thumb Code    60  key.o(.text)
    KEY_Scan                                 0x0800083d   Thumb Code   188  key.o(.text)
    rgb_SendArray                            0x08000905   Thumb Code    72  rgb.o(.text)
    rgb_SetColor                             0x0800094d   Thumb Code   142  rgb.o(.text)
    RGB_BLACK                                0x080009db   Thumb Code    44  rgb.o(.text)
    WS2812b_Configuration                    0x08000a07   Thumb Code   302  rgb.o(.text)
    RGB_BlueViolet                           0x08000b35   Thumb Code    44  rgb.o(.text)
    RGB_BlueViolet_test                      0x08000b61   Thumb Code    30  rgb.o(.text)
    RGB_RED                                  0x08000b7f   Thumb Code    44  rgb.o(.text)
    RGB_PURPLE                               0x08000bab   Thumb Code    44  rgb.o(.text)
    RGB_SKY                                  0x08000bd7   Thumb Code    44  rgb.o(.text)
    RGB_MAGENTA                              0x08000c03   Thumb Code    44  rgb.o(.text)
    RGB_ORANGE                               0x08000c2f   Thumb Code    44  rgb.o(.text)
    RGB_GREEN                                0x08000c5b   Thumb Code    44  rgb.o(.text)
    RGB_BLUE                                 0x08000c87   Thumb Code   206  rgb.o(.text)
    RGB_YELLOW                               0x08000d55   Thumb Code   106  rgb.o(.text)
    RGB_WHITE                                0x08000dbf   Thumb Code    44  rgb.o(.text)
    Colourful_Wheel                          0x08000deb   Thumb Code   166  rgb.o(.text)
    rainbowCycle                             0x08000e91   Thumb Code    72  rgb.o(.text)
    breathingEffect                          0x08000ed9   Thumb Code   192  rgb.o(.text)
    TIM3_Int_Init                            0x08000fa5   Thumb Code    88  timer.o(.text)
    TIM3_IRQHandler                          0x08000ffd   Thumb Code   420  timer.o(.text)
    EXTI0_IRQHandler                         0x08001215   Thumb Code    88  exti.o(.text)
    EXTI3_IRQHandler                         0x0800126d   Thumb Code    48  exti.o(.text)
    EXTI4_IRQHandler                         0x0800129d   Thumb Code    52  exti.o(.text)
    EXTIX_Init                               0x080012d1   Thumb Code   184  exti.o(.text)
    GPIO_Config                              0x080013ad   Thumb Code    48  w_24byj.o(.text)
    Delay                                    0x080013dd   Thumb Code    12  w_24byj.o(.text)
    Delay_us                                 0x080013e9   Thumb Code    32  w_24byj.o(.text)
    delay_init                               0x08001415   Thumb Code    52  delay.o(.text)
    delay_us                                 0x08001449   Thumb Code    72  delay.o(.text)
    delay_xms                                0x08001491   Thumb Code    72  delay.o(.text)
    delay_ms                                 0x080014d9   Thumb Code    56  delay.o(.text)
    _sys_exit                                0x08001519   Thumb Code     4  usart.o(.text)
    fputc                                    0x0800151d   Thumb Code    22  usart.o(.text)
    uart_init                                0x08001533   Thumb Code   172  usart.o(.text)
    USART1_IRQHandler                        0x080015df   Thumb Code   122  usart.o(.text)
    Reset_Handler                            0x08001669   Thumb Code     8  startup_stm32f40_41xxx.o(.text)
    ADC_IRQHandler                           0x08001683   Thumb Code     0  startup_stm32f40_41xxx.o(.text)
    CAN1_RX0_IRQHandler                      0x08001683   Thumb Code     0  startup_stm32f40_41xxx.o(.text)
    CAN1_RX1_IRQHandler                      0x08001683   Thumb Code     0  startup_stm32f40_41xxx.o(.text)
    CAN1_SCE_IRQHandler                      0x08001683   Thumb Code     0  startup_stm32f40_41xxx.o(.text)
    CAN1_TX_IRQHandler                       0x08001683   Thumb Code     0  startup_stm32f40_41xxx.o(.text)
    CAN2_RX0_IRQHandler                      0x08001683   Thumb Code     0  startup_stm32f40_41xxx.o(.text)
    CAN2_RX1_IRQHandler                      0x08001683   Thumb Code     0  startup_stm32f40_41xxx.o(.text)
    CAN2_SCE_IRQHandler                      0x08001683   Thumb Code     0  startup_stm32f40_41xxx.o(.text)
    CAN2_TX_IRQHandler                       0x08001683   Thumb Code     0  startup_stm32f40_41xxx.o(.text)
    CRYP_IRQHandler                          0x08001683   Thumb Code     0  startup_stm32f40_41xxx.o(.text)
    DCMI_IRQHandler                          0x08001683   Thumb Code     0  startup_stm32f40_41xxx.o(.text)
    DMA1_Stream0_IRQHandler                  0x08001683   Thumb Code     0  startup_stm32f40_41xxx.o(.text)
    DMA1_Stream1_IRQHandler                  0x08001683   Thumb Code     0  startup_stm32f40_41xxx.o(.text)
    DMA1_Stream2_IRQHandler                  0x08001683   Thumb Code     0  startup_stm32f40_41xxx.o(.text)
    DMA1_Stream3_IRQHandler                  0x08001683   Thumb Code     0  startup_stm32f40_41xxx.o(.text)
    DMA1_Stream4_IRQHandler                  0x08001683   Thumb Code     0  startup_stm32f40_41xxx.o(.text)
    DMA1_Stream5_IRQHandler                  0x08001683   Thumb Code     0  startup_stm32f40_41xxx.o(.text)
    DMA1_Stream6_IRQHandler                  0x08001683   Thumb Code     0  startup_stm32f40_41xxx.o(.text)
    DMA1_Stream7_IRQHandler                  0x08001683   Thumb Code     0  startup_stm32f40_41xxx.o(.text)
    DMA2_Stream0_IRQHandler                  0x08001683   Thumb Code     0  startup_stm32f40_41xxx.o(.text)
    DMA2_Stream1_IRQHandler                  0x08001683   Thumb Code     0  startup_stm32f40_41xxx.o(.text)
    DMA2_Stream2_IRQHandler                  0x08001683   Thumb Code     0  startup_stm32f40_41xxx.o(.text)
    DMA2_Stream3_IRQHandler                  0x08001683   Thumb Code     0  startup_stm32f40_41xxx.o(.text)
    DMA2_Stream4_IRQHandler                  0x08001683   Thumb Code     0  startup_stm32f40_41xxx.o(.text)
    DMA2_Stream5_IRQHandler                  0x08001683   Thumb Code     0  startup_stm32f40_41xxx.o(.text)
    DMA2_Stream6_IRQHandler                  0x08001683   Thumb Code     0  startup_stm32f40_41xxx.o(.text)
    DMA2_Stream7_IRQHandler                  0x08001683   Thumb Code     0  startup_stm32f40_41xxx.o(.text)
    ETH_IRQHandler                           0x08001683   Thumb Code     0  startup_stm32f40_41xxx.o(.text)
    ETH_WKUP_IRQHandler                      0x08001683   Thumb Code     0  startup_stm32f40_41xxx.o(.text)
    EXTI15_10_IRQHandler                     0x08001683   Thumb Code     0  startup_stm32f40_41xxx.o(.text)
    EXTI1_IRQHandler                         0x08001683   Thumb Code     0  startup_stm32f40_41xxx.o(.text)
    EXTI2_IRQHandler                         0x08001683   Thumb Code     0  startup_stm32f40_41xxx.o(.text)
    EXTI9_5_IRQHandler                       0x08001683   Thumb Code     0  startup_stm32f40_41xxx.o(.text)
    FLASH_IRQHandler                         0x08001683   Thumb Code     0  startup_stm32f40_41xxx.o(.text)
    FPU_IRQHandler                           0x08001683   Thumb Code     0  startup_stm32f40_41xxx.o(.text)
    FSMC_IRQHandler                          0x08001683   Thumb Code     0  startup_stm32f40_41xxx.o(.text)
    HASH_RNG_IRQHandler                      0x08001683   Thumb Code     0  startup_stm32f40_41xxx.o(.text)
    I2C1_ER_IRQHandler                       0x08001683   Thumb Code     0  startup_stm32f40_41xxx.o(.text)
    I2C1_EV_IRQHandler                       0x08001683   Thumb Code     0  startup_stm32f40_41xxx.o(.text)
    I2C2_ER_IRQHandler                       0x08001683   Thumb Code     0  startup_stm32f40_41xxx.o(.text)
    I2C2_EV_IRQHandler                       0x08001683   Thumb Code     0  startup_stm32f40_41xxx.o(.text)
    I2C3_ER_IRQHandler                       0x08001683   Thumb Code     0  startup_stm32f40_41xxx.o(.text)
    I2C3_EV_IRQHandler                       0x08001683   Thumb Code     0  startup_stm32f40_41xxx.o(.text)
    OTG_FS_IRQHandler                        0x08001683   Thumb Code     0  startup_stm32f40_41xxx.o(.text)
    OTG_FS_WKUP_IRQHandler                   0x08001683   Thumb Code     0  startup_stm32f40_41xxx.o(.text)
    OTG_HS_EP1_IN_IRQHandler                 0x08001683   Thumb Code     0  startup_stm32f40_41xxx.o(.text)
    OTG_HS_EP1_OUT_IRQHandler                0x08001683   Thumb Code     0  startup_stm32f40_41xxx.o(.text)
    OTG_HS_IRQHandler                        0x08001683   Thumb Code     0  startup_stm32f40_41xxx.o(.text)
    OTG_HS_WKUP_IRQHandler                   0x08001683   Thumb Code     0  startup_stm32f40_41xxx.o(.text)
    PVD_IRQHandler                           0x08001683   Thumb Code     0  startup_stm32f40_41xxx.o(.text)
    RCC_IRQHandler                           0x08001683   Thumb Code     0  startup_stm32f40_41xxx.o(.text)
    RTC_Alarm_IRQHandler                     0x08001683   Thumb Code     0  startup_stm32f40_41xxx.o(.text)
    RTC_WKUP_IRQHandler                      0x08001683   Thumb Code     0  startup_stm32f40_41xxx.o(.text)
    SDIO_IRQHandler                          0x08001683   Thumb Code     0  startup_stm32f40_41xxx.o(.text)
    SPI1_IRQHandler                          0x08001683   Thumb Code     0  startup_stm32f40_41xxx.o(.text)
    SPI2_IRQHandler                          0x08001683   Thumb Code     0  startup_stm32f40_41xxx.o(.text)
    SPI3_IRQHandler                          0x08001683   Thumb Code     0  startup_stm32f40_41xxx.o(.text)
    TAMP_STAMP_IRQHandler                    0x08001683   Thumb Code     0  startup_stm32f40_41xxx.o(.text)
    TIM1_BRK_TIM9_IRQHandler                 0x08001683   Thumb Code     0  startup_stm32f40_41xxx.o(.text)
    TIM1_CC_IRQHandler                       0x08001683   Thumb Code     0  startup_stm32f40_41xxx.o(.text)
    TIM1_TRG_COM_TIM11_IRQHandler            0x08001683   Thumb Code     0  startup_stm32f40_41xxx.o(.text)
    TIM1_UP_TIM10_IRQHandler                 0x08001683   Thumb Code     0  startup_stm32f40_41xxx.o(.text)
    TIM2_IRQHandler                          0x08001683   Thumb Code     0  startup_stm32f40_41xxx.o(.text)
    TIM4_IRQHandler                          0x08001683   Thumb Code     0  startup_stm32f40_41xxx.o(.text)
    TIM5_IRQHandler                          0x08001683   Thumb Code     0  startup_stm32f40_41xxx.o(.text)
    TIM6_DAC_IRQHandler                      0x08001683   Thumb Code     0  startup_stm32f40_41xxx.o(.text)
    TIM7_IRQHandler                          0x08001683   Thumb Code     0  startup_stm32f40_41xxx.o(.text)
    TIM8_BRK_TIM12_IRQHandler                0x08001683   Thumb Code     0  startup_stm32f40_41xxx.o(.text)
    TIM8_CC_IRQHandler                       0x08001683   Thumb Code     0  startup_stm32f40_41xxx.o(.text)
    TIM8_TRG_COM_TIM14_IRQHandler            0x08001683   Thumb Code     0  startup_stm32f40_41xxx.o(.text)
    TIM8_UP_TIM13_IRQHandler                 0x08001683   Thumb Code     0  startup_stm32f40_41xxx.o(.text)
    UART4_IRQHandler                         0x08001683   Thumb Code     0  startup_stm32f40_41xxx.o(.text)
    UART5_IRQHandler                         0x08001683   Thumb Code     0  startup_stm32f40_41xxx.o(.text)
    USART2_IRQHandler                        0x08001683   Thumb Code     0  startup_stm32f40_41xxx.o(.text)
    USART3_IRQHandler                        0x08001683   Thumb Code     0  startup_stm32f40_41xxx.o(.text)
    USART6_IRQHandler                        0x08001683   Thumb Code     0  startup_stm32f40_41xxx.o(.text)
    WWDG_IRQHandler                          0x08001683   Thumb Code     0  startup_stm32f40_41xxx.o(.text)
    __user_initial_stackheap                 0x08001685   Thumb Code     0  startup_stm32f40_41xxx.o(.text)
    NVIC_PriorityGroupConfig                 0x080016a9   Thumb Code    10  misc.o(.text)
    NVIC_Init                                0x080016b3   Thumb Code   106  misc.o(.text)
    NVIC_SetVectorTable                      0x0800171d   Thumb Code    14  misc.o(.text)
    NVIC_SystemLPConfig                      0x0800172b   Thumb Code    34  misc.o(.text)
    SysTick_CLKSourceConfig                  0x0800174d   Thumb Code    40  misc.o(.text)
    GPIO_DeInit                              0x08001789   Thumb Code   268  stm32f4xx_gpio.o(.text)
    GPIO_Init                                0x08001895   Thumb Code   144  stm32f4xx_gpio.o(.text)
    GPIO_StructInit                          0x08001925   Thumb Code    18  stm32f4xx_gpio.o(.text)
    GPIO_PinLockConfig                       0x08001937   Thumb Code    34  stm32f4xx_gpio.o(.text)
    GPIO_ReadInputDataBit                    0x08001959   Thumb Code    18  stm32f4xx_gpio.o(.text)
    GPIO_ReadInputData                       0x0800196b   Thumb Code     8  stm32f4xx_gpio.o(.text)
    GPIO_ReadOutputDataBit                   0x08001973   Thumb Code    18  stm32f4xx_gpio.o(.text)
    GPIO_ReadOutputData                      0x08001985   Thumb Code     8  stm32f4xx_gpio.o(.text)
    GPIO_SetBits                             0x0800198d   Thumb Code     4  stm32f4xx_gpio.o(.text)
    GPIO_ResetBits                           0x08001991   Thumb Code     4  stm32f4xx_gpio.o(.text)
    GPIO_WriteBit                            0x08001995   Thumb Code    10  stm32f4xx_gpio.o(.text)
    GPIO_Write                               0x0800199f   Thumb Code     4  stm32f4xx_gpio.o(.text)
    GPIO_ToggleBits                          0x080019a3   Thumb Code     8  stm32f4xx_gpio.o(.text)
    GPIO_PinAFConfig                         0x080019ab   Thumb Code    70  stm32f4xx_gpio.o(.text)
    RCC_DeInit                               0x08001a1d   Thumb Code    82  stm32f4xx_rcc.o(.text)
    RCC_HSEConfig                            0x08001a6f   Thumb Code    14  stm32f4xx_rcc.o(.text)
    RCC_GetFlagStatus                        0x08001a7d   Thumb Code    60  stm32f4xx_rcc.o(.text)
    RCC_WaitForHSEStartUp                    0x08001ab9   Thumb Code    56  stm32f4xx_rcc.o(.text)
    RCC_AdjustHSICalibrationValue            0x08001af1   Thumb Code    20  stm32f4xx_rcc.o(.text)
    RCC_HSICmd                               0x08001b05   Thumb Code     6  stm32f4xx_rcc.o(.text)
    RCC_LSEConfig                            0x08001b0b   Thumb Code    46  stm32f4xx_rcc.o(.text)
    RCC_LSICmd                               0x08001b39   Thumb Code     6  stm32f4xx_rcc.o(.text)
    RCC_PLLConfig                            0x08001b3f   Thumb Code    32  stm32f4xx_rcc.o(.text)
    RCC_PLLCmd                               0x08001b5f   Thumb Code     6  stm32f4xx_rcc.o(.text)
    RCC_PLLI2SConfig                         0x08001b65   Thumb Code    14  stm32f4xx_rcc.o(.text)
    RCC_PLLI2SCmd                            0x08001b73   Thumb Code     6  stm32f4xx_rcc.o(.text)
    RCC_PLLSAIConfig                         0x08001b79   Thumb Code    20  stm32f4xx_rcc.o(.text)
    RCC_PLLSAICmd                            0x08001b8d   Thumb Code     6  stm32f4xx_rcc.o(.text)
    RCC_ClockSecuritySystemCmd               0x08001b93   Thumb Code     6  stm32f4xx_rcc.o(.text)
    RCC_MCO1Config                           0x08001b99   Thumb Code    28  stm32f4xx_rcc.o(.text)
    RCC_MCO2Config                           0x08001bb5   Thumb Code    28  stm32f4xx_rcc.o(.text)
    RCC_SYSCLKConfig                         0x08001bd1   Thumb Code    20  stm32f4xx_rcc.o(.text)
    RCC_GetSYSCLKSource                      0x08001be5   Thumb Code    12  stm32f4xx_rcc.o(.text)
    RCC_HCLKConfig                           0x08001bf1   Thumb Code    20  stm32f4xx_rcc.o(.text)
    RCC_PCLK1Config                          0x08001c05   Thumb Code    20  stm32f4xx_rcc.o(.text)
    RCC_PCLK2Config                          0x08001c19   Thumb Code    22  stm32f4xx_rcc.o(.text)
    RCC_GetClocksFreq                        0x08001c2f   Thumb Code   222  stm32f4xx_rcc.o(.text)
    RCC_RTCCLKConfig                         0x08001d0d   Thumb Code    54  stm32f4xx_rcc.o(.text)
    RCC_RTCCLKCmd                            0x08001d43   Thumb Code     8  stm32f4xx_rcc.o(.text)
    RCC_BackupResetCmd                       0x08001d4b   Thumb Code     8  stm32f4xx_rcc.o(.text)
    RCC_I2SCLKConfig                         0x08001d53   Thumb Code     6  stm32f4xx_rcc.o(.text)
    RCC_SAIPLLI2SClkDivConfig                0x08001d59   Thumb Code    26  stm32f4xx_rcc.o(.text)
    RCC_SAIPLLSAIClkDivConfig                0x08001d73   Thumb Code    28  stm32f4xx_rcc.o(.text)
    RCC_SAIBlockACLKConfig                   0x08001d8f   Thumb Code    20  stm32f4xx_rcc.o(.text)
    RCC_SAIBlockBCLKConfig                   0x08001da3   Thumb Code    20  stm32f4xx_rcc.o(.text)
    RCC_LTDCCLKDivConfig                     0x08001db7   Thumb Code    20  stm32f4xx_rcc.o(.text)
    RCC_TIMCLKPresConfig                     0x08001dcb   Thumb Code     6  stm32f4xx_rcc.o(.text)
    RCC_AHB1PeriphClockCmd                   0x08001dd1   Thumb Code    34  stm32f4xx_rcc.o(.text)
    RCC_AHB2PeriphClockCmd                   0x08001df3   Thumb Code    78  stm32f4xx_rcc.o(.text)
    RCC_AHB3PeriphClockCmd                   0x08001e41   Thumb Code    34  stm32f4xx_rcc.o(.text)
    RCC_APB1PeriphClockCmd                   0x08001e63   Thumb Code    34  stm32f4xx_rcc.o(.text)
    RCC_APB2PeriphClockCmd                   0x08001e85   Thumb Code    34  stm32f4xx_rcc.o(.text)
    RCC_AHB1PeriphResetCmd                   0x08001ea7   Thumb Code    34  stm32f4xx_rcc.o(.text)
    RCC_AHB2PeriphResetCmd                   0x08001ec9   Thumb Code    34  stm32f4xx_rcc.o(.text)
    RCC_AHB3PeriphResetCmd                   0x08001eeb   Thumb Code    34  stm32f4xx_rcc.o(.text)
    RCC_APB1PeriphResetCmd                   0x08001f0d   Thumb Code    34  stm32f4xx_rcc.o(.text)
    RCC_APB2PeriphResetCmd                   0x08001f2f   Thumb Code    34  stm32f4xx_rcc.o(.text)
    RCC_AHB1PeriphClockLPModeCmd             0x08001f51   Thumb Code    34  stm32f4xx_rcc.o(.text)
    RCC_AHB2PeriphClockLPModeCmd             0x08001f73   Thumb Code    34  stm32f4xx_rcc.o(.text)
    RCC_AHB3PeriphClockLPModeCmd             0x08001f95   Thumb Code    34  stm32f4xx_rcc.o(.text)
    RCC_APB1PeriphClockLPModeCmd             0x08001fb7   Thumb Code    34  stm32f4xx_rcc.o(.text)
    RCC_APB2PeriphClockLPModeCmd             0x08001fd9   Thumb Code    34  stm32f4xx_rcc.o(.text)
    RCC_LSEModeConfig                        0x08001ffb   Thumb Code    40  stm32f4xx_rcc.o(.text)
    RCC_ITConfig                             0x08002023   Thumb Code    34  stm32f4xx_rcc.o(.text)
    RCC_ClearFlag                            0x08002045   Thumb Code    18  stm32f4xx_rcc.o(.text)
    RCC_GetITStatus                          0x08002057   Thumb Code    22  stm32f4xx_rcc.o(.text)
    RCC_ClearITPendingBit                    0x0800206d   Thumb Code     8  stm32f4xx_rcc.o(.text)
    SYSCFG_DeInit                            0x08002079   Thumb Code    22  stm32f4xx_syscfg.o(.text)
    SYSCFG_MemoryRemapConfig                 0x0800208f   Thumb Code     6  stm32f4xx_syscfg.o(.text)
    SYSCFG_MemorySwappingBank                0x08002095   Thumb Code     6  stm32f4xx_syscfg.o(.text)
    SYSCFG_EXTILineConfig                    0x0800209b   Thumb Code    66  stm32f4xx_syscfg.o(.text)
    SYSCFG_ETH_MediaInterfaceConfig          0x080020dd   Thumb Code     8  stm32f4xx_syscfg.o(.text)
    SYSCFG_CompensationCellCmd               0x080020e5   Thumb Code     6  stm32f4xx_syscfg.o(.text)
    SYSCFG_GetCompensationCellStatus         0x080020eb   Thumb Code    22  stm32f4xx_syscfg.o(.text)
    USART_DeInit                             0x0800210d   Thumb Code   206  stm32f4xx_usart.o(.text)
    USART_Init                               0x080021db   Thumb Code   204  stm32f4xx_usart.o(.text)
    USART_StructInit                         0x080022a7   Thumb Code    24  stm32f4xx_usart.o(.text)
    USART_ClockInit                          0x080022bf   Thumb Code    32  stm32f4xx_usart.o(.text)
    USART_ClockStructInit                    0x080022df   Thumb Code    12  stm32f4xx_usart.o(.text)
    USART_Cmd                                0x080022eb   Thumb Code    24  stm32f4xx_usart.o(.text)
    USART_SetPrescaler                       0x08002303   Thumb Code    16  stm32f4xx_usart.o(.text)
    USART_OverSampling8Cmd                   0x08002313   Thumb Code    22  stm32f4xx_usart.o(.text)
    USART_OneBitMethodCmd                    0x08002329   Thumb Code    24  stm32f4xx_usart.o(.text)
    USART_SendData                           0x08002341   Thumb Code     8  stm32f4xx_usart.o(.text)
    USART_ReceiveData                        0x08002349   Thumb Code    10  stm32f4xx_usart.o(.text)
    USART_SetAddress                         0x08002353   Thumb Code    18  stm32f4xx_usart.o(.text)
    USART_ReceiverWakeUpCmd                  0x08002365   Thumb Code    24  stm32f4xx_usart.o(.text)
    USART_WakeUpConfig                       0x0800237d   Thumb Code    18  stm32f4xx_usart.o(.text)
    USART_LINBreakDetectLengthConfig         0x0800238f   Thumb Code    18  stm32f4xx_usart.o(.text)
    USART_LINCmd                             0x080023a1   Thumb Code    24  stm32f4xx_usart.o(.text)
    USART_SendBreak                          0x080023b9   Thumb Code    10  stm32f4xx_usart.o(.text)
    USART_HalfDuplexCmd                      0x080023c3   Thumb Code    24  stm32f4xx_usart.o(.text)
    USART_SetGuardTime                       0x080023db   Thumb Code    16  stm32f4xx_usart.o(.text)
    USART_SmartCardCmd                       0x080023eb   Thumb Code    24  stm32f4xx_usart.o(.text)
    USART_SmartCardNACKCmd                   0x08002403   Thumb Code    24  stm32f4xx_usart.o(.text)
    USART_IrDAConfig                         0x0800241b   Thumb Code    18  stm32f4xx_usart.o(.text)
    USART_IrDACmd                            0x0800242d   Thumb Code    24  stm32f4xx_usart.o(.text)
    USART_DMACmd                             0x08002445   Thumb Code    18  stm32f4xx_usart.o(.text)
    USART_ITConfig                           0x08002457   Thumb Code    74  stm32f4xx_usart.o(.text)
    USART_GetFlagStatus                      0x080024a1   Thumb Code    26  stm32f4xx_usart.o(.text)
    USART_ClearFlag                          0x080024bb   Thumb Code    18  stm32f4xx_usart.o(.text)
    USART_GetITStatus                        0x080024cd   Thumb Code   118  stm32f4xx_usart.o(.text)
    USART_ClearITPendingBit                  0x08002543   Thumb Code    30  stm32f4xx_usart.o(.text)
    DMA_DeInit                               0x08002561   Thumb Code   324  stm32f4xx_dma.o(.text)
    DMA_Init                                 0x080026a5   Thumb Code    82  stm32f4xx_dma.o(.text)
    DMA_StructInit                           0x080026f7   Thumb Code    34  stm32f4xx_dma.o(.text)
    DMA_Cmd                                  0x08002719   Thumb Code    22  stm32f4xx_dma.o(.text)
    DMA_PeriphIncOffsetSizeConfig            0x0800272f   Thumb Code    22  stm32f4xx_dma.o(.text)
    DMA_FlowControllerConfig                 0x08002745   Thumb Code    22  stm32f4xx_dma.o(.text)
    DMA_SetCurrDataCounter                   0x0800275b   Thumb Code     4  stm32f4xx_dma.o(.text)
    DMA_GetCurrDataCounter                   0x0800275f   Thumb Code     8  stm32f4xx_dma.o(.text)
    DMA_DoubleBufferModeConfig               0x08002767   Thumb Code    24  stm32f4xx_dma.o(.text)
    DMA_DoubleBufferModeCmd                  0x0800277f   Thumb Code    22  stm32f4xx_dma.o(.text)
    DMA_MemoryTargetConfig                   0x08002795   Thumb Code    10  stm32f4xx_dma.o(.text)
    DMA_GetCurrentMemoryTarget               0x0800279f   Thumb Code    20  stm32f4xx_dma.o(.text)
    DMA_GetCmdStatus                         0x080027b3   Thumb Code    20  stm32f4xx_dma.o(.text)
    DMA_GetFIFOStatus                        0x080027c7   Thumb Code    12  stm32f4xx_dma.o(.text)
    DMA_GetFlagStatus                        0x080027d3   Thumb Code    56  stm32f4xx_dma.o(.text)
    DMA_ClearFlag                            0x0800280b   Thumb Code    40  stm32f4xx_dma.o(.text)
    DMA_ITConfig                             0x08002833   Thumb Code    58  stm32f4xx_dma.o(.text)
    DMA_GetITStatus                          0x0800286d   Thumb Code    84  stm32f4xx_dma.o(.text)
    DMA_ClearITPendingBit                    0x080028c1   Thumb Code    40  stm32f4xx_dma.o(.text)
    SPI_I2S_DeInit                           0x08002909   Thumb Code   152  stm32f4xx_spi.o(.text)
    SPI_Init                                 0x080029a1   Thumb Code    60  stm32f4xx_spi.o(.text)
    I2S_Init                                 0x080029dd   Thumb Code   396  stm32f4xx_spi.o(.text)
    SPI_StructInit                           0x08002b69   Thumb Code    24  stm32f4xx_spi.o(.text)
    I2S_StructInit                           0x08002b81   Thumb Code    20  stm32f4xx_spi.o(.text)
    SPI_Cmd                                  0x08002b95   Thumb Code    24  stm32f4xx_spi.o(.text)
    I2S_Cmd                                  0x08002bad   Thumb Code    24  stm32f4xx_spi.o(.text)
    SPI_DataSizeConfig                       0x08002bc5   Thumb Code    18  stm32f4xx_spi.o(.text)
    SPI_BiDirectionalLineConfig              0x08002bd7   Thumb Code    28  stm32f4xx_spi.o(.text)
    SPI_NSSInternalSoftwareConfig            0x08002bf3   Thumb Code    30  stm32f4xx_spi.o(.text)
    SPI_SSOutputCmd                          0x08002c11   Thumb Code    24  stm32f4xx_spi.o(.text)
    SPI_TIModeCmd                            0x08002c29   Thumb Code    24  stm32f4xx_spi.o(.text)
    I2S_FullDuplexConfig                     0x08002c41   Thumb Code    80  stm32f4xx_spi.o(.text)
    SPI_I2S_ReceiveData                      0x08002c91   Thumb Code     6  stm32f4xx_spi.o(.text)
    SPI_I2S_SendData                         0x08002c97   Thumb Code     4  stm32f4xx_spi.o(.text)
    SPI_CalculateCRC                         0x08002c9b   Thumb Code    24  stm32f4xx_spi.o(.text)
    SPI_TransmitCRC                          0x08002cb3   Thumb Code    10  stm32f4xx_spi.o(.text)
    SPI_GetCRC                               0x08002cbd   Thumb Code    16  stm32f4xx_spi.o(.text)
    SPI_GetCRCPolynomial                     0x08002ccd   Thumb Code     6  stm32f4xx_spi.o(.text)
    SPI_I2S_DMACmd                           0x08002cd3   Thumb Code    18  stm32f4xx_spi.o(.text)
    SPI_I2S_ITConfig                         0x08002ce5   Thumb Code    68  stm32f4xx_spi.o(.text)
    SPI_I2S_GetFlagStatus                    0x08002d29   Thumb Code    18  stm32f4xx_spi.o(.text)
    SPI_I2S_ClearFlag                        0x08002d3b   Thumb Code     6  stm32f4xx_spi.o(.text)
    SPI_I2S_GetITStatus                      0x08002d41   Thumb Code    52  stm32f4xx_spi.o(.text)
    SPI_I2S_ClearITPendingBit                0x08002d75   Thumb Code    20  stm32f4xx_spi.o(.text)
    TIM_DeInit                               0x08002d89   Thumb Code   346  stm32f4xx_tim.o(.text)
    TIM_TimeBaseInit                         0x08002ee3   Thumb Code   104  stm32f4xx_tim.o(.text)
    TIM_TimeBaseStructInit                   0x08002f4b   Thumb Code    18  stm32f4xx_tim.o(.text)
    TIM_PrescalerConfig                      0x08002f5d   Thumb Code     6  stm32f4xx_tim.o(.text)
    TIM_CounterModeConfig                    0x08002f63   Thumb Code    18  stm32f4xx_tim.o(.text)
    TIM_SetCounter                           0x08002f75   Thumb Code     4  stm32f4xx_tim.o(.text)
    TIM_SetAutoreload                        0x08002f79   Thumb Code     4  stm32f4xx_tim.o(.text)
    TIM_GetCounter                           0x08002f7d   Thumb Code     6  stm32f4xx_tim.o(.text)
    TIM_GetPrescaler                         0x08002f83   Thumb Code     6  stm32f4xx_tim.o(.text)
    TIM_UpdateDisableConfig                  0x08002f89   Thumb Code    24  stm32f4xx_tim.o(.text)
    TIM_UpdateRequestConfig                  0x08002fa1   Thumb Code    24  stm32f4xx_tim.o(.text)
    TIM_ARRPreloadConfig                     0x08002fb9   Thumb Code    24  stm32f4xx_tim.o(.text)
    TIM_SelectOnePulseMode                   0x08002fd1   Thumb Code    18  stm32f4xx_tim.o(.text)
    TIM_SetClockDivision                     0x08002fe3   Thumb Code    18  stm32f4xx_tim.o(.text)
    TIM_Cmd                                  0x08002ff5   Thumb Code    24  stm32f4xx_tim.o(.text)
    TIM_OC1Init                              0x0800300d   Thumb Code   114  stm32f4xx_tim.o(.text)
    TIM_OC2Init                              0x0800307f   Thumb Code   154  stm32f4xx_tim.o(.text)
    TIM_OC3Init                              0x08003119   Thumb Code   204  stm32f4xx_tim.o(.text)
    TIM_OC4Init                              0x080031e5   Thumb Code   112  stm32f4xx_tim.o(.text)
    TIM_OCStructInit                         0x08003255   Thumb Code    20  stm32f4xx_tim.o(.text)
    TIM_SelectOCxM                           0x08003269   Thumb Code    86  stm32f4xx_tim.o(.text)
    TIM_SetCompare1                          0x080032bf   Thumb Code     4  stm32f4xx_tim.o(.text)
    TIM_SetCompare2                          0x080032c3   Thumb Code     4  stm32f4xx_tim.o(.text)
    TIM_SetCompare3                          0x080032c7   Thumb Code     4  stm32f4xx_tim.o(.text)
    TIM_SetCompare4                          0x080032cb   Thumb Code     4  stm32f4xx_tim.o(.text)
    TIM_ForcedOC1Config                      0x080032cf   Thumb Code    18  stm32f4xx_tim.o(.text)
    TIM_ForcedOC2Config                      0x080032e1   Thumb Code    26  stm32f4xx_tim.o(.text)
    TIM_ForcedOC3Config                      0x080032fb   Thumb Code    18  stm32f4xx_tim.o(.text)
    TIM_ForcedOC4Config                      0x0800330d   Thumb Code    26  stm32f4xx_tim.o(.text)
    TIM_OC1PreloadConfig                     0x08003327   Thumb Code    18  stm32f4xx_tim.o(.text)
    TIM_OC2PreloadConfig                     0x08003339   Thumb Code    26  stm32f4xx_tim.o(.text)
    TIM_OC3PreloadConfig                     0x08003353   Thumb Code    18  stm32f4xx_tim.o(.text)
    TIM_OC4PreloadConfig                     0x08003365   Thumb Code    26  stm32f4xx_tim.o(.text)
    TIM_OC1FastConfig                        0x0800337f   Thumb Code    18  stm32f4xx_tim.o(.text)
    TIM_OC2FastConfig                        0x08003391   Thumb Code    26  stm32f4xx_tim.o(.text)
    TIM_OC3FastConfig                        0x080033ab   Thumb Code    18  stm32f4xx_tim.o(.text)
    TIM_OC4FastConfig                        0x080033bd   Thumb Code    26  stm32f4xx_tim.o(.text)
    TIM_ClearOC1Ref                          0x080033d7   Thumb Code    18  stm32f4xx_tim.o(.text)
    TIM_ClearOC2Ref                          0x080033e9   Thumb Code    24  stm32f4xx_tim.o(.text)
    TIM_ClearOC3Ref                          0x08003401   Thumb Code    18  stm32f4xx_tim.o(.text)
    TIM_ClearOC4Ref                          0x08003413   Thumb Code    24  stm32f4xx_tim.o(.text)
    TIM_OC1PolarityConfig                    0x0800342b   Thumb Code    18  stm32f4xx_tim.o(.text)
    TIM_OC1NPolarityConfig                   0x0800343d   Thumb Code    18  stm32f4xx_tim.o(.text)
    TIM_OC2PolarityConfig                    0x0800344f   Thumb Code    26  stm32f4xx_tim.o(.text)
    TIM_OC2NPolarityConfig                   0x08003469   Thumb Code    26  stm32f4xx_tim.o(.text)
    TIM_OC3PolarityConfig                    0x08003483   Thumb Code    26  stm32f4xx_tim.o(.text)
    TIM_OC3NPolarityConfig                   0x0800349d   Thumb Code    26  stm32f4xx_tim.o(.text)
    TIM_OC4PolarityConfig                    0x080034b7   Thumb Code    26  stm32f4xx_tim.o(.text)
    TIM_CCxCmd                               0x080034d1   Thumb Code    30  stm32f4xx_tim.o(.text)
    TIM_CCxNCmd                              0x080034ef   Thumb Code    30  stm32f4xx_tim.o(.text)
    TIM_SetIC4Prescaler                      0x0800350d   Thumb Code    26  stm32f4xx_tim.o(.text)
    TIM_SetIC3Prescaler                      0x08003577   Thumb Code    18  stm32f4xx_tim.o(.text)
    TIM_SetIC2Prescaler                      0x080035d1   Thumb Code    26  stm32f4xx_tim.o(.text)
    TIM_SetIC1Prescaler                      0x08003645   Thumb Code    18  stm32f4xx_tim.o(.text)
    TIM_ICInit                               0x08003691   Thumb Code   110  stm32f4xx_tim.o(.text)
    TIM_ICStructInit                         0x080036ff   Thumb Code    18  stm32f4xx_tim.o(.text)
    TIM_PWMIConfig                           0x08003711   Thumb Code   124  stm32f4xx_tim.o(.text)
    TIM_GetCapture1                          0x0800378d   Thumb Code     6  stm32f4xx_tim.o(.text)
    TIM_GetCapture2                          0x08003793   Thumb Code     6  stm32f4xx_tim.o(.text)
    TIM_GetCapture3                          0x08003799   Thumb Code     6  stm32f4xx_tim.o(.text)
    TIM_GetCapture4                          0x0800379f   Thumb Code     6  stm32f4xx_tim.o(.text)
    TIM_BDTRConfig                           0x080037a5   Thumb Code    32  stm32f4xx_tim.o(.text)
    TIM_BDTRStructInit                       0x080037c5   Thumb Code    18  stm32f4xx_tim.o(.text)
    TIM_CtrlPWMOutputs                       0x080037d7   Thumb Code    30  stm32f4xx_tim.o(.text)
    TIM_SelectCOM                            0x080037f5   Thumb Code    24  stm32f4xx_tim.o(.text)
    TIM_CCPreloadControl                     0x0800380d   Thumb Code    24  stm32f4xx_tim.o(.text)
    TIM_ITConfig                             0x08003825   Thumb Code    18  stm32f4xx_tim.o(.text)
    TIM_GenerateEvent                        0x08003837   Thumb Code     4  stm32f4xx_tim.o(.text)
    TIM_GetFlagStatus                        0x0800383b   Thumb Code    18  stm32f4xx_tim.o(.text)
    TIM_ClearFlag                            0x0800384d   Thumb Code     6  stm32f4xx_tim.o(.text)
    TIM_GetITStatus                          0x08003853   Thumb Code    34  stm32f4xx_tim.o(.text)
    TIM_ClearITPendingBit                    0x08003875   Thumb Code     6  stm32f4xx_tim.o(.text)
    TIM_DMAConfig                            0x0800387b   Thumb Code    10  stm32f4xx_tim.o(.text)
    TIM_DMACmd                               0x08003885   Thumb Code    18  stm32f4xx_tim.o(.text)
    TIM_SelectCCDMA                          0x08003897   Thumb Code    24  stm32f4xx_tim.o(.text)
    TIM_InternalClockConfig                  0x080038af   Thumb Code    12  stm32f4xx_tim.o(.text)
    TIM_SelectInputTrigger                   0x080038bb   Thumb Code    18  stm32f4xx_tim.o(.text)
    TIM_ITRxExternalClockConfig              0x080038cd   Thumb Code    24  stm32f4xx_tim.o(.text)
    TIM_TIxExternalClockConfig               0x080038e5   Thumb Code    62  stm32f4xx_tim.o(.text)
    TIM_ETRConfig                            0x08003923   Thumb Code    28  stm32f4xx_tim.o(.text)
    TIM_ETRClockMode1Config                  0x0800393f   Thumb Code    54  stm32f4xx_tim.o(.text)
    TIM_ETRClockMode2Config                  0x08003975   Thumb Code    32  stm32f4xx_tim.o(.text)
    TIM_SelectOutputTrigger                  0x08003995   Thumb Code    18  stm32f4xx_tim.o(.text)
    TIM_SelectSlaveMode                      0x080039a7   Thumb Code    18  stm32f4xx_tim.o(.text)
    TIM_SelectMasterSlaveMode                0x080039b9   Thumb Code    18  stm32f4xx_tim.o(.text)
    TIM_EncoderInterfaceConfig               0x080039cb   Thumb Code    66  stm32f4xx_tim.o(.text)
    TIM_SelectHallSensor                     0x08003a0d   Thumb Code    24  stm32f4xx_tim.o(.text)
    TIM_RemapConfig                          0x08003a25   Thumb Code     6  stm32f4xx_tim.o(.text)
    EXTI_DeInit                              0x08003a2d   Thumb Code    28  stm32f4xx_exti.o(.text)
    EXTI_Init                                0x08003a49   Thumb Code   142  stm32f4xx_exti.o(.text)
    EXTI_StructInit                          0x08003ad7   Thumb Code    16  stm32f4xx_exti.o(.text)
    EXTI_GenerateSWInterrupt                 0x08003ae7   Thumb Code    16  stm32f4xx_exti.o(.text)
    EXTI_GetFlagStatus                       0x08003af7   Thumb Code    22  stm32f4xx_exti.o(.text)
    EXTI_ClearFlag                           0x08003b0d   Thumb Code     8  stm32f4xx_exti.o(.text)
    EXTI_GetITStatus                         0x08003b15   Thumb Code    22  stm32f4xx_exti.o(.text)
    EXTI_ClearITPendingBit                   0x08003b2b   Thumb Code     8  stm32f4xx_exti.o(.text)
    __use_no_semihosting                     0x08003b3d   Thumb Code     2  use_no_semi_2.o(.text)
    __2printf                                0x08003b41   Thumb Code    20  noretval__2printf.o(.text)
    _printf_pre_padding                      0x08003b59   Thumb Code    44  _printf_pad.o(.text)
    _printf_post_padding                     0x08003b85   Thumb Code    34  _printf_pad.o(.text)
    _printf_str                              0x08003ba7   Thumb Code    82  _printf_str.o(.text)
    _printf_int_dec                          0x08003bf9   Thumb Code   104  _printf_dec.o(.text)
    _printf_int_hex                          0x08003c71   Thumb Code    84  _printf_hex_int.o(.text)
    _printf_longlong_hex                     0x08003c71   Thumb Code     0  _printf_hex_int.o(.text)
    __printf                                 0x08003cc9   Thumb Code   308  __printf_flags_wp.o(.text)
    __aeabi_memclr                           0x08003e01   Thumb Code     0  rt_memclr.o(.text)
    __rt_memclr                              0x08003e01   Thumb Code    68  rt_memclr.o(.text)
    _memset                                  0x08003e05   Thumb Code     0  rt_memclr.o(.text)
    __use_two_region_memory                  0x08003e45   Thumb Code     2  heapauxi.o(.text)
    __rt_heap_escrow$2region                 0x08003e47   Thumb Code     2  heapauxi.o(.text)
    __rt_heap_expand$2region                 0x08003e49   Thumb Code     2  heapauxi.o(.text)
    __I$use$semihosting                      0x08003e4b   Thumb Code     0  use_no_semi.o(.text)
    __use_no_semihosting_swi                 0x08003e4b   Thumb Code     2  use_no_semi.o(.text)
    _printf_int_common                       0x08003e4d   Thumb Code   178  _printf_intcommon.o(.text)
    _printf_cs_common                        0x08003eff   Thumb Code    20  _printf_char.o(.text)
    _printf_char                             0x08003f13   Thumb Code    16  _printf_char.o(.text)
    _printf_string                           0x08003f23   Thumb Code     8  _printf_char.o(.text)
    _printf_char_file                        0x08003f2d   Thumb Code    32  _printf_char_file.o(.text)
    __aeabi_memclr4                          0x08003f51   Thumb Code     0  rt_memclr_w.o(.text)
    __aeabi_memclr8                          0x08003f51   Thumb Code     0  rt_memclr_w.o(.text)
    __rt_memclr_w                            0x08003f51   Thumb Code    78  rt_memclr_w.o(.text)
    _memset_w                                0x08003f55   Thumb Code     0  rt_memclr_w.o(.text)
    _printf_char_common                      0x08003fab   Thumb Code    32  _printf_char_common.o(.text)
    ferror                                   0x08003fd1   Thumb Code     8  ferror.o(.text)
    __user_setup_stackheap                   0x08003fd9   Thumb Code    74  sys_stackheap_outer.o(.text)
    exit                                     0x08004023   Thumb Code    12  exit.o(.text)
    __user_libspace                          0x08004031   Thumb Code     8  libspace.o(.text)
    __user_perproc_libspace                  0x08004031   Thumb Code     0  libspace.o(.text)
    __user_perthread_libspace                0x08004031   Thumb Code     0  libspace.o(.text)
    _is_digit                                0x08004039   Thumb Code    14  __printf_wp.o(i._is_digit)
    _fp_init                                 0x08004047   Thumb Code    10  fpinit.o(x$fpl$fpinit)
    __fplib_config_fpu_vfp                   0x0800404f   Thumb Code     0  fpinit.o(x$fpl$fpinit)
    __fplib_config_pureend_doubles           0x0800404f   Thumb Code     0  fpinit.o(x$fpl$fpinit)
    RED                                      0x08004050   Data           3  rgb.o(.constdata)
    GREEN                                    0x08004053   Data           3  rgb.o(.constdata)
    BLUE                                     0x08004056   Data           3  rgb.o(.constdata)
    SKY                                      0x08004059   Data           3  rgb.o(.constdata)
    MAGENTA                                  0x0800405c   Data           3  rgb.o(.constdata)
    YELLOW                                   0x0800405f   Data           3  rgb.o(.constdata)
    ORANGE                                   0x08004062   Data           3  rgb.o(.constdata)
    BLACK                                    0x08004065   Data           3  rgb.o(.constdata)
    WHITE                                    0x08004068   Data           3  rgb.o(.constdata)
    PURPLE                                   0x0800406b   Data           3  rgb.o(.constdata)
    BlueViolet                               0x0800406e   Data           3  rgb.o(.constdata)
    Region$$Table$$Base                      0x080040ac   Number         0  anon$$obj.o(Region$$Table)
    Region$$Table$$Limit                     0x080040cc   Number         0  anon$$obj.o(Region$$Table)
    fun_label                                0x20000000   Data           2  main.o(.data)
    step_seq                                 0x20000002   Data          32  main.o(.data)
    step                                     0x20000024   Data           4  main.o(.data)
    SystemCoreClock                          0x20000028   Data           4  system_stm32f4xx.o(.data)
    AHBPrescTable                            0x2000002c   Data          16  system_stm32f4xx.o(.data)
    t                                        0x20000040   Data           1  timer.o(.data)
    i                                        0x20000041   Data           1  timer.o(.data)
    len                                      0x20000042   Data           1  timer.o(.data)
    times                                    0x20000044   Data           2  timer.o(.data)
    r_usb                                    0x20000048   Data           4  timer.o(.data)
    g_usb                                    0x2000004c   Data           4  timer.o(.data)
    b_usb                                    0x20000050   Data           4  timer.o(.data)
    run_label                                0x20000054   Data           4  timer.o(.data)
    key                                      0x20000058   Data           2  timer.o(.data)
    led_lab                                  0x2000005c   Data           1  exti.o(.data)
    labe_key                                 0x20000060   Data           4  exti.o(.data)
    __stdout                                 0x20000068   Data           4  usart.o(.data)
    USART_RX_STA                             0x2000006c   Data           2  usart.o(.data)
    USART_RX_BUF                             0x20000620   Data         200  usart.o(.bss)
    __libspace_start                         0x200006e8   Data          96  libspace.o(.bss)
    __temporary_stack_top$libspace           0x20000748   Data           0  libspace.o(.bss)



==============================================================================

Memory Map of the image

  Image Entry point : 0x08000189

  Load Region LR_IROM1 (Base: 0x08000000, Size: 0x0000414c, Max: 0x00100000, ABSOLUTE)

    Execution Region ER_IROM1 (Base: 0x08000000, Size: 0x000040cc, Max: 0x00100000, ABSOLUTE)

    Base Addr    Size         Type   Attr      Idx    E Section Name        Object

    0x08000000   0x00000188   Data   RO          538    RESET               startup_stm32f40_41xxx.o
    0x08000188   0x00000008   Code   RO          826  * !!!main             c_w.l(__main.o)
    0x08000190   0x00000034   Code   RO          997    !!!scatter          c_w.l(__scatter.o)
    0x080001c4   0x0000001a   Code   RO          999    !!handler_copy      c_w.l(__scatter_copy.o)
    0x080001de   0x00000002   PAD
    0x080001e0   0x0000001c   Code   RO         1001    !!handler_zi        c_w.l(__scatter_zi.o)
    0x080001fc   0x00000000   Code   RO          821    .ARM.Collect$$_printf_percent$$00000000  c_w.l(_printf_percent.o)
    0x080001fc   0x00000006   Code   RO          820    .ARM.Collect$$_printf_percent$$00000009  c_w.l(_printf_d.o)
    0x08000202   0x00000006   Code   RO          819    .ARM.Collect$$_printf_percent$$0000000C  c_w.l(_printf_x.o)
    0x08000208   0x00000006   Code   RO          818    .ARM.Collect$$_printf_percent$$00000013  c_w.l(_printf_c.o)
    0x0800020e   0x00000004   Code   RO          837    .ARM.Collect$$_printf_percent$$00000017  c_w.l(_printf_percent_end.o)
    0x08000212   0x00000002   Code   RO          872    .ARM.Collect$$libinit$$00000000  c_w.l(libinit.o)
    0x08000214   0x00000004   Code   RO          878    .ARM.Collect$$libinit$$00000001  c_w.l(libinit2.o)
    0x08000218   0x00000000   Code   RO          881    .ARM.Collect$$libinit$$00000004  c_w.l(libinit2.o)
    0x08000218   0x00000000   Code   RO          884    .ARM.Collect$$libinit$$0000000A  c_w.l(libinit2.o)
    0x08000218   0x00000000   Code   RO          886    .ARM.Collect$$libinit$$0000000C  c_w.l(libinit2.o)
    0x08000218   0x00000000   Code   RO          888    .ARM.Collect$$libinit$$0000000E  c_w.l(libinit2.o)
    0x08000218   0x00000000   Code   RO          891    .ARM.Collect$$libinit$$00000011  c_w.l(libinit2.o)
    0x08000218   0x00000000   Code   RO          893    .ARM.Collect$$libinit$$00000013  c_w.l(libinit2.o)
    0x08000218   0x00000000   Code   RO          895    .ARM.Collect$$libinit$$00000015  c_w.l(libinit2.o)
    0x08000218   0x00000000   Code   RO          897    .ARM.Collect$$libinit$$00000017  c_w.l(libinit2.o)
    0x08000218   0x00000000   Code   RO          899    .ARM.Collect$$libinit$$00000019  c_w.l(libinit2.o)
    0x08000218   0x00000000   Code   RO          901    .ARM.Collect$$libinit$$0000001B  c_w.l(libinit2.o)
    0x08000218   0x00000000   Code   RO          903    .ARM.Collect$$libinit$$0000001D  c_w.l(libinit2.o)
    0x08000218   0x00000000   Code   RO          905    .ARM.Collect$$libinit$$0000001F  c_w.l(libinit2.o)
    0x08000218   0x00000000   Code   RO          907    .ARM.Collect$$libinit$$00000021  c_w.l(libinit2.o)
    0x08000218   0x00000000   Code   RO          909    .ARM.Collect$$libinit$$00000023  c_w.l(libinit2.o)
    0x08000218   0x00000000   Code   RO          911    .ARM.Collect$$libinit$$00000025  c_w.l(libinit2.o)
    0x08000218   0x00000000   Code   RO          915    .ARM.Collect$$libinit$$0000002C  c_w.l(libinit2.o)
    0x08000218   0x00000000   Code   RO          917    .ARM.Collect$$libinit$$0000002E  c_w.l(libinit2.o)
    0x08000218   0x00000000   Code   RO          919    .ARM.Collect$$libinit$$00000030  c_w.l(libinit2.o)
    0x08000218   0x00000000   Code   RO          921    .ARM.Collect$$libinit$$00000032  c_w.l(libinit2.o)
    0x08000218   0x00000002   Code   RO          922    .ARM.Collect$$libinit$$00000033  c_w.l(libinit2.o)
    0x0800021a   0x00000002   Code   RO          940    .ARM.Collect$$libshutdown$$00000000  c_w.l(libshutdown.o)
    0x0800021c   0x00000000   Code   RO          951    .ARM.Collect$$libshutdown$$00000003  c_w.l(libshutdown2.o)
    0x0800021c   0x00000000   Code   RO          954    .ARM.Collect$$libshutdown$$00000006  c_w.l(libshutdown2.o)
    0x0800021c   0x00000000   Code   RO          957    .ARM.Collect$$libshutdown$$00000009  c_w.l(libshutdown2.o)
    0x0800021c   0x00000000   Code   RO          959    .ARM.Collect$$libshutdown$$0000000B  c_w.l(libshutdown2.o)
    0x0800021c   0x00000000   Code   RO          962    .ARM.Collect$$libshutdown$$0000000E  c_w.l(libshutdown2.o)
    0x0800021c   0x00000002   Code   RO          963    .ARM.Collect$$libshutdown$$0000000F  c_w.l(libshutdown2.o)
    0x0800021e   0x00000000   Code   RO          830    .ARM.Collect$$rtentry$$00000000  c_w.l(__rtentry.o)
    0x0800021e   0x00000000   Code   RO          841    .ARM.Collect$$rtentry$$00000002  c_w.l(__rtentry2.o)
    0x0800021e   0x00000006   Code   RO          853    .ARM.Collect$$rtentry$$00000004  c_w.l(__rtentry4.o)
    0x08000224   0x00000000   Code   RO          843    .ARM.Collect$$rtentry$$00000009  c_w.l(__rtentry2.o)
    0x08000224   0x00000004   Code   RO          844    .ARM.Collect$$rtentry$$0000000A  c_w.l(__rtentry2.o)
    0x08000228   0x00000000   Code   RO          846    .ARM.Collect$$rtentry$$0000000C  c_w.l(__rtentry2.o)
    0x08000228   0x00000008   Code   RO          847    .ARM.Collect$$rtentry$$0000000D  c_w.l(__rtentry2.o)
    0x08000230   0x00000002   Code   RO          876    .ARM.Collect$$rtexit$$00000000  c_w.l(rtexit.o)
    0x08000232   0x00000000   Code   RO          924    .ARM.Collect$$rtexit$$00000002  c_w.l(rtexit2.o)
    0x08000232   0x00000004   Code   RO          925    .ARM.Collect$$rtexit$$00000003  c_w.l(rtexit2.o)
    0x08000236   0x00000006   Code   RO          926    .ARM.Collect$$rtexit$$00000004  c_w.l(rtexit2.o)
    0x0800023c   0x00000358   Code   RO            4    .text               main.o
    0x08000594   0x0000001a   Code   RO          172    .text               stm32f4xx_it.o
    0x080005ae   0x00000002   PAD
    0x080005b0   0x00000210   Code   RO          225    .text               system_stm32f4xx.o
    0x080007c0   0x00000040   Code   RO          255    .text               led.o
    0x08000800   0x00000104   Code   RO          279    .text               key.o
    0x08000904   0x000006a0   Code   RO          304    .text               rgb.o
    0x08000fa4   0x00000270   Code   RO          335    .text               timer.o
    0x08001214   0x00000198   Code   RO          371    .text               exti.o
    0x080013ac   0x00000068   Code   RO          429    .text               w_24byj.o
    0x08001414   0x00000104   Code   RO          453    .text               delay.o
    0x08001518   0x00000150   Code   RO          501    .text               usart.o
    0x08001668   0x00000040   Code   RO          539    .text               startup_stm32f40_41xxx.o
    0x080016a8   0x000000e0   Code   RO          546    .text               misc.o
    0x08001788   0x00000294   Code   RO          570    .text               stm32f4xx_gpio.o
    0x08001a1c   0x0000065c   Code   RO          594    .text               stm32f4xx_rcc.o
    0x08002078   0x00000094   Code   RO          620    .text               stm32f4xx_syscfg.o
    0x0800210c   0x00000454   Code   RO          644    .text               stm32f4xx_usart.o
    0x08002560   0x000003a8   Code   RO          668    .text               stm32f4xx_dma.o
    0x08002908   0x00000480   Code   RO          692    .text               stm32f4xx_spi.o
    0x08002d88   0x00000ca2   Code   RO          716    .text               stm32f4xx_tim.o
    0x08003a2a   0x00000002   PAD
    0x08003a2c   0x00000110   Code   RO          740    .text               stm32f4xx_exti.o
    0x08003b3c   0x00000002   Code   RO          763    .text               c_w.l(use_no_semi_2.o)
    0x08003b3e   0x00000002   PAD
    0x08003b40   0x00000018   Code   RO          767    .text               c_w.l(noretval__2printf.o)
    0x08003b58   0x0000004e   Code   RO          771    .text               c_w.l(_printf_pad.o)
    0x08003ba6   0x00000052   Code   RO          773    .text               c_w.l(_printf_str.o)
    0x08003bf8   0x00000078   Code   RO          775    .text               c_w.l(_printf_dec.o)
    0x08003c70   0x00000058   Code   RO          780    .text               c_w.l(_printf_hex_int.o)
    0x08003cc8   0x00000138   Code   RO          810    .text               c_w.l(__printf_flags_wp.o)
    0x08003e00   0x00000044   Code   RO          822    .text               c_w.l(rt_memclr.o)
    0x08003e44   0x00000006   Code   RO          824    .text               c_w.l(heapauxi.o)
    0x08003e4a   0x00000002   Code   RO          828    .text               c_w.l(use_no_semi.o)
    0x08003e4c   0x000000b2   Code   RO          831    .text               c_w.l(_printf_intcommon.o)
    0x08003efe   0x0000002c   Code   RO          833    .text               c_w.l(_printf_char.o)
    0x08003f2a   0x00000002   PAD
    0x08003f2c   0x00000024   Code   RO          835    .text               c_w.l(_printf_char_file.o)
    0x08003f50   0x0000004e   Code   RO          838    .text               c_w.l(rt_memclr_w.o)
    0x08003f9e   0x00000002   PAD
    0x08003fa0   0x00000030   Code   RO          855    .text               c_w.l(_printf_char_common.o)
    0x08003fd0   0x00000008   Code   RO          857    .text               c_w.l(ferror.o)
    0x08003fd8   0x0000004a   Code   RO          861    .text               c_w.l(sys_stackheap_outer.o)
    0x08004022   0x0000000c   Code   RO          865    .text               c_w.l(exit.o)
    0x0800402e   0x00000002   PAD
    0x08004030   0x00000008   Code   RO          873    .text               c_w.l(libspace.o)
    0x08004038   0x0000000e   Code   RO          808    i._is_digit         c_w.l(__printf_wp.o)
    0x08004046   0x0000000a   Code   RO          932    x$fpl$fpinit        fz_wm.l(fpinit.o)
    0x08004050   0x00000021   Data   RO          306    .constdata          rgb.o
    0x08004071   0x00000028   Data   RO          781    .constdata          c_w.l(_printf_hex_int.o)
    0x08004099   0x00000011   Data   RO          811    .constdata          c_w.l(__printf_flags_wp.o)
    0x080040aa   0x00000002   PAD
    0x080040ac   0x00000020   Data   RO          995    Region$$Table       anon$$obj.o


    Execution Region RW_IRAM1 (Base: 0x20000000, Size: 0x00000d48, Max: 0x00020000, ABSOLUTE)

    Base Addr    Size         Type   Attr      Idx    E Section Name        Object

    0x20000000   0x00000028   Data   RW            5    .data               main.o
    0x20000028   0x00000014   Data   RW          226    .data               system_stm32f4xx.o
    0x2000003c   0x00000001   Data   RW          280    .data               key.o
    0x2000003d   0x00000003   PAD
    0x20000040   0x0000001a   Data   RW          337    .data               timer.o
    0x2000005a   0x00000002   PAD
    0x2000005c   0x00000008   Data   RW          372    .data               exti.o
    0x20000064   0x00000004   Data   RW          454    .data               delay.o
    0x20000068   0x00000006   Data   RW          503    .data               usart.o
    0x2000006e   0x00000010   Data   RW          595    .data               stm32f4xx_rcc.o
    0x2000007e   0x00000002   PAD
    0x20000080   0x000005a0   Zero   RW          305    .bss                rgb.o
    0x20000620   0x000000c8   Zero   RW          502    .bss                usart.o
    0x200006e8   0x00000060   Zero   RW          874    .bss                c_w.l(libspace.o)
    0x20000748   0x00000200   Zero   RW          537    HEAP                startup_stm32f40_41xxx.o
    0x20000948   0x00000400   Zero   RW          536    STACK               startup_stm32f40_41xxx.o


==============================================================================

Image component sizes


      Code (inc. data)   RO Data    RW Data    ZI Data      Debug   Object Name

       260          8          0          4          0       1497   delay.o
       408         36          0          8          0       1435   exti.o
       260         12          0          1          0        896   key.o
        64          4          0          0          0        555   led.o
       856         94          0         40          0     307998   main.o
       224         20          0          0          0       1881   misc.o
      1696        118         33          0       1440       6456   rgb.o
        64         26        392          0       1536        852   startup_stm32f40_41xxx.o
       936         32          0          0          0       6353   stm32f4xx_dma.o
       272         10          0          0          0       2327   stm32f4xx_exti.o
       660         44          0          0          0       4157   stm32f4xx_gpio.o
        26          0          0          0          0       1254   stm32f4xx_it.o
      1628         52          0         16          0      12976   stm32f4xx_rcc.o
      1152         36          0          0          0       6905   stm32f4xx_spi.o
       148         12          0          0          0       1877   stm32f4xx_syscfg.o
      3234         60          0          0          0      22360   stm32f4xx_tim.o
      1108         34          0          0          0       7856   stm32f4xx_usart.o
       528         46          0         20          0       1871   system_stm32f4xx.o
       624        116          0         26          0       2852   timer.o
       336         16          0          6        200       3446   usart.o
       104         12          0          0          0       1037   w_24byj.o

    ----------------------------------------------------------------------
     14592        788        457        128       3176     396841   Object Totals
         0          0         32          0          0          0   (incl. Generated)
         4          0          0          7          0          0   (incl. Padding)

    ----------------------------------------------------------------------

      Code (inc. data)   RO Data    RW Data    ZI Data      Debug   Library Member Name

         8          0          0          0          0         68   __main.o
       312          4         17          0          0         92   __printf_flags_wp.o
        14          0          0          0          0         68   __printf_wp.o
         0          0          0          0          0          0   __rtentry.o
        12          0          0          0          0          0   __rtentry2.o
         6          0          0          0          0          0   __rtentry4.o
        52          8          0          0          0          0   __scatter.o
        26          0          0          0          0          0   __scatter_copy.o
        28          0          0          0          0          0   __scatter_zi.o
         6          0          0          0          0          0   _printf_c.o
        44          0          0          0          0        108   _printf_char.o
        48          6          0          0          0         96   _printf_char_common.o
        36          4          0          0          0         80   _printf_char_file.o
         6          0          0          0          0          0   _printf_d.o
       120         16          0          0          0         92   _printf_dec.o
        88          4         40          0          0         88   _printf_hex_int.o
       178          0          0          0          0         88   _printf_intcommon.o
        78          0          0          0          0        108   _printf_pad.o
         0          0          0          0          0          0   _printf_percent.o
         4          0          0          0          0          0   _printf_percent_end.o
        82          0          0          0          0         80   _printf_str.o
         6          0          0          0          0          0   _printf_x.o
        12          0          0          0          0         72   exit.o
         8          0          0          0          0         68   ferror.o
         6          0          0          0          0        152   heapauxi.o
         2          0          0          0          0          0   libinit.o
         6          0          0          0          0          0   libinit2.o
         2          0          0          0          0          0   libshutdown.o
         2          0          0          0          0          0   libshutdown2.o
         8          4          0          0         96         68   libspace.o
        24          4          0          0          0         84   noretval__2printf.o
        68          0          0          0          0         68   rt_memclr.o
        78          0          0          0          0         80   rt_memclr_w.o
         2          0          0          0          0          0   rtexit.o
        10          0          0          0          0          0   rtexit2.o
        74          0          0          0          0         80   sys_stackheap_outer.o
         2          0          0          0          0         68   use_no_semi.o
         2          0          0          0          0         68   use_no_semi_2.o
        10          0          0          0          0        116   fpinit.o

    ----------------------------------------------------------------------
      1480         50         59          0         96       1892   Library Totals
        10          0          2          0          0          0   (incl. Padding)

    ----------------------------------------------------------------------

      Code (inc. data)   RO Data    RW Data    ZI Data      Debug   Library Name

      1460         50         57          0         96       1776   c_w.l
        10          0          0          0          0        116   fz_wm.l

    ----------------------------------------------------------------------
      1480         50         59          0         96       1892   Library Totals

    ----------------------------------------------------------------------

==============================================================================


      Code (inc. data)   RO Data    RW Data    ZI Data      Debug   

     16072        838        516        128       3272     393549   Grand Totals
     16072        838        516        128       3272     393549   ELF Image Totals
     16072        838        516        128          0          0   ROM Totals

==============================================================================

    Total RO  Size (Code + RO Data)                16588 (  16.20kB)
    Total RW  Size (RW Data + ZI Data)              3400 (   3.32kB)
    Total ROM Size (Code + RO Data + RW Data)      16716 (  16.32kB)

==============================================================================

